Archive member included because of file (symbol)

C:\Users\Luis Sagnay\AppData\Local\arduino\cores\7754268228c4970442660218d242a083\core.a(HardwareSerial.cpp.o)
                              C:\Users\Luis Sagnay\AppData\Local\arduino\sketches\8CC00E8E6F4A11401120306249E0F02F\core\board.cpp.o (HardwareSerial::HardwareSerial(usart_dev*, unsigned char, unsigned char))
C:\Users\Luis Sagnay\AppData\Local\arduino\cores\7754268228c4970442660218d242a083\core.a(Print.cpp.o)
                              C:\Users\Luis Sagnay\AppData\Local\arduino\sketches\8CC00E8E6F4A11401120306249E0F02F\libraries\LiquidCrystal\LiquidCrystal.cpp.o (Print::write(void const*, unsigned long))
C:\Users\Luis Sagnay\AppData\Local\arduino\cores\7754268228c4970442660218d242a083\core.a(WString.cpp.o)
                              C:\Users\Luis Sagnay\AppData\Local\arduino\sketches\8CC00E8E6F4A11401120306249E0F02F\sketch\proyectoAscensor.ino.cpp.o (String::~String())
C:\Users\Luis Sagnay\AppData\Local\arduino\cores\7754268228c4970442660218d242a083\core.a(dtostrf.c.o)
                              C:\Users\Luis Sagnay\AppData\Local\arduino\cores\7754268228c4970442660218d242a083\core.a(WString.cpp.o) (dtostrf)
C:\Users\Luis Sagnay\AppData\Local\arduino\cores\7754268228c4970442660218d242a083\core.a(cxxabi-compat.cpp.o)
                              C:\Users\Luis Sagnay\AppData\Local\arduino\cores\7754268228c4970442660218d242a083\core.a(HardwareSerial.cpp.o) (__cxa_pure_virtual)
C:\Users\Luis Sagnay\AppData\Local\arduino\cores\7754268228c4970442660218d242a083\core.a(itoa.c.o)
                              C:\Users\Luis Sagnay\AppData\Local\arduino\cores\7754268228c4970442660218d242a083\core.a(WString.cpp.o) (ltoa)
C:\Users\Luis Sagnay\AppData\Local\arduino\cores\7754268228c4970442660218d242a083\core.a(adc.c.o)
                              C:\Users\Luis Sagnay\AppData\Local\arduino\sketches\8CC00E8E6F4A11401120306249E0F02F\core\wirish\boards.cpp.o (adc_set_sample_rate)
C:\Users\Luis Sagnay\AppData\Local\arduino\cores\7754268228c4970442660218d242a083\core.a(adc_f1.c.o)
                              (__irq_adc)
C:\Users\Luis Sagnay\AppData\Local\arduino\cores\7754268228c4970442660218d242a083\core.a(dma_f1.c.o)
                              (__irq_dma1_channel1)
C:\Users\Luis Sagnay\AppData\Local\arduino\cores\7754268228c4970442660218d242a083\core.a(exc.S.o)
                              (__exc_nmi)
C:\Users\Luis Sagnay\AppData\Local\arduino\cores\7754268228c4970442660218d242a083\core.a(exti.c.o)
                              (__irq_exti0)
C:\Users\Luis Sagnay\AppData\Local\arduino\cores\7754268228c4970442660218d242a083\core.a(exti_f1.c.o)
                              C:\Users\Luis Sagnay\AppData\Local\arduino\cores\7754268228c4970442660218d242a083\core.a(exti.c.o) (exti_select)
C:\Users\Luis Sagnay\AppData\Local\arduino\cores\7754268228c4970442660218d242a083\core.a(flash.c.o)
                              C:\Users\Luis Sagnay\AppData\Local\arduino\sketches\8CC00E8E6F4A11401120306249E0F02F\core\wirish\boards.cpp.o (flash_set_latency)
C:\Users\Luis Sagnay\AppData\Local\arduino\cores\7754268228c4970442660218d242a083\core.a(gpio_f1.c.o)
                              C:\Users\Luis Sagnay\AppData\Local\arduino\sketches\8CC00E8E6F4A11401120306249E0F02F\core\wirish\boards_setup.cpp.o (gpio_init_all)
C:\Users\Luis Sagnay\AppData\Local\arduino\cores\7754268228c4970442660218d242a083\core.a(i2c_f1.c.o)
                              (__irq_i2c1_ev)
C:\Users\Luis Sagnay\AppData\Local\arduino\cores\7754268228c4970442660218d242a083\core.a(nvic.c.o)
                              C:\Users\Luis Sagnay\AppData\Local\arduino\cores\7754268228c4970442660218d242a083\core.a(i2c_f1.c.o) (nvic_irq_set_priority)
C:\Users\Luis Sagnay\AppData\Local\arduino\cores\7754268228c4970442660218d242a083\core.a(rcc.c.o)
                              C:\Users\Luis Sagnay\AppData\Local\arduino\sketches\8CC00E8E6F4A11401120306249E0F02F\core\wirish\boards.cpp.o (rcc_switch_sysclk)
C:\Users\Luis Sagnay\AppData\Local\arduino\cores\7754268228c4970442660218d242a083\core.a(rcc_f1.c.o)
                              C:\Users\Luis Sagnay\AppData\Local\arduino\sketches\8CC00E8E6F4A11401120306249E0F02F\core\wirish\boards.cpp.o (rcc_configure_pll)
C:\Users\Luis Sagnay\AppData\Local\arduino\cores\7754268228c4970442660218d242a083\core.a(isrs.S.o)
                              (__stm32reservedexception7)
C:\Users\Luis Sagnay\AppData\Local\arduino\cores\7754268228c4970442660218d242a083\core.a(vector_table.S.o)
                              (__stm32_vector_table)
C:\Users\Luis Sagnay\AppData\Local\arduino\cores\7754268228c4970442660218d242a083\core.a(systick.c.o)
                              C:\Users\Luis Sagnay\AppData\Local\arduino\sketches\8CC00E8E6F4A11401120306249E0F02F\core\wirish\boards.cpp.o (systick_init)
C:\Users\Luis Sagnay\AppData\Local\arduino\cores\7754268228c4970442660218d242a083\core.a(timer.c.o)
[...]
Memory Configuration

Name             Origin             Length             Attributes
ram              0x20000000         0x00005000         xrw
rom              0x08000000         0x00020000         xr
*default*        0x00000000         0xffffffff

Linker script and memory map

LOAD c:/users/luis sagnay/appdata/local/arduino15/packages/arduino/tools/arm-none-eabi-gcc/4.8.3-2014q1/bin/../lib/gcc/arm-none-eabi/4.8.3/armv7-m/crti.o
LOAD c:/users/luis sagnay/appdata/local/arduino15/packages/arduino/tools/arm-none-eabi-gcc/4.8.3-2014q1/bin/../lib/gcc/arm-none-eabi/4.8.3/armv7-m/crtbegin.o
LOAD c:/users/luis sagnay/appdata/local/arduino15/packages/arduino/tools/arm-none-eabi-gcc/4.8.3-2014q1/bin/../lib/gcc/arm-none-eabi/4.8.3/../../../../arm-none-eabi/lib/armv7-m/crt0.o
LOAD c:/users/luis sagnay/appdata/local/arduino15/packages/arduino/tools/arm-none-eabi-gcc/4.8.3-2014q1/bin/../lib/gcc/arm-none-eabi/4.8.3/armv7-m\libgcc.a
START GROUP
LOAD C:\Users\Luis Sagnay\AppData\Local\arduino\sketches\8CC00E8E6F4A11401120306249E0F02F\sketch\proyectoAscensor.ino.cpp.o
LOAD C:\Users\Luis Sagnay\AppData\Local\arduino\sketches\8CC00E8E6F4A11401120306249E0F02F\libraries\Keypad\Key.cpp.o
LOAD C:\Users\Luis Sagnay\AppData\Local\arduino\sketches\8CC00E8E6F4A11401120306249E0F02F\libraries\Keypad\Keypad.cpp.o
LOAD C:\Users\Luis Sagnay\AppData\Local\arduino\sketches\8CC00E8E6F4A11401120306249E0F02F\libraries\LiquidCrystal\LiquidCrystal.cpp.o
LOAD C:\Users\Luis Sagnay\AppData\Local\arduino\sketches\8CC00E8E6F4A11401120306249E0F02F\libraries\LedControl\LedControl.cpp.o
LOAD C:\Users\Luis Sagnay\AppData\Local\arduino\sketches\8CC00E8E6F4A11401120306249E0F02F\core\board.cpp.o
LOAD C:\Users\Luis Sagnay\AppData\Local\arduino\sketches\8CC00E8E6F4A11401120306249E0F02F\core\wirish\boards.cpp.o
LOAD C:\Users\Luis Sagnay\AppData\Local\arduino\sketches\8CC00E8E6F4A11401120306249E0F02F\core\wirish\boards_setup.cpp.o
LOAD C:\Users\Luis Sagnay\AppData\Local\arduino\sketches\8CC00E8E6F4A11401120306249E0F02F\core\wirish\start.S.o
LOAD C:\Users\Luis Sagnay\AppData\Local\arduino\sketches\8CC00E8E6F4A11401120306249E0F02F\core\wirish\start_c.c.o
LOAD C:\Users\Luis Sagnay\AppData\Local\arduino\sketches\8CC00E8E6F4A11401120306249E0F02F\core\wirish\syscalls.c.o
LOAD C:\Users\Luis Sagnay\AppData\Local\arduino\cores\7754268228c4970442660218d242a083\core.a
END GROUP
LOAD c:/users/luis sagnay/appdata/local/arduino15/packages/arduino/tools/arm-none-eabi-gcc/4.8.3-2014q1/bin/../lib/gcc/arm-none-eabi/4.8.3/../../../../arm-none-eabi/lib/armv7-m\libstdc++_s.a
LOAD c:/users/luis sagnay/appdata/local/arduino15/packages/arduino/tools/arm-none-eabi-gcc/4.8.3-2014q1/bin/../lib/gcc/arm-none-eabi/4.8.3/../../../../arm-none-eabi/lib/armv7-m\libm.a
START GROUP
LOAD c:/users/luis sagnay/appdata/local/arduino15/packages/arduino/tools/arm-none-eabi-gcc/4.8.3-2014q1/bin/../lib/gcc/arm-none-eabi/4.8.3/armv7-m\libgcc.a
LOAD c:/users/luis sagnay/appdata/local/arduino15/packages/arduino/tools/arm-none-eabi-gcc/4.8.3-2014q1/bin/../lib/gcc/arm-none-eabi/4.8.3/../../../../arm-none-eabi/lib/armv7-m\libc_s.a
END GROUP
START GROUP
LOAD c:/users/luis sagnay/appdata/local/arduino15/packages/arduino/tools/arm-none-eabi-gcc/4.8.3-2014q1/bin/../lib/gcc/arm-none-eabi/4.8.3/armv7-m\libgcc.a
LOAD c:/users/luis sagnay/appdata/local/arduino15/packages/arduino/tools/arm-none-eabi-gcc/4.8.3-2014q1/bin/../lib/gcc/arm-none-eabi/4.8.3/../../../../arm-none-eabi/lib/armv7-m\libc_s.a
END GROUP
LOAD c:/users/luis sagnay/appdata/local/arduino15/packages/arduino/tools/arm-none-eabi-gcc/4.8.3-2014q1/bin/../lib/gcc/arm-none-eabi/4.8.3/armv7-m/crtend.o
LOAD c:/users/luis sagnay/appdata/local/arduino15/packages/arduino/tools/arm-none-eabi-gcc/4.8.3-2014q1/bin/../lib/gcc/arm-none-eabi/4.8.3/armv7-m/crtn.o
START GROUP
LOAD c:/users/luis sagnay/appdata/local/arduino15/packages/arduino/tools/arm-none-eabi-gcc/4.8.3-2014q1/bin/../lib/gcc/arm-none-eabi/4.8.3/armv7-m\libgcc.a
LOAD c:/users/luis sagnay/appdata/local/arduino15/packages/arduino/tools/arm-none-eabi-gcc/4.8.3-2014q1/bin/../lib/gcc/arm-none-eabi/4.8.3/../../../../arm-none-eabi/lib/armv7-m\libc.a
LOAD c:/users/luis sagnay/appdata/local/arduino15/packages/arduino/tools/arm-none-eabi-gcc/4.8.3-2014q1/bin/../lib/gcc/arm-none-eabi/4.8.3/../../../../arm-none-eabi/lib/armv7-m\libm.a
END GROUP
START GROUP
LOAD c:/users/luis sagnay/appdata/local/arduino15/packages/arduino/tools/arm-none-eabi-gcc/4.8.3-2014q1/bin/../lib/gcc/arm-none-eabi/4.8.3/../../../../arm-none-eabi/lib/armv7-m\libnosys.a
END GROUP
                0x20005000                PROVIDE (__msp_init, (ORIGIN (ram) + 0x5000))
                0x080010e0                PROVIDE (__exc_reset, __start__)

.text           0x08000000     0x36fc
                0x08000000                __text_start__ = .
 *(.stm32.interrupt_vector)
 .stm32.interrupt_vector
                0x08000000       0xec C:\Users\Luis Sagnay\AppData\Local\arduino\cores\7754268228c4970442660218d242a083\core.a(vector_table.S.o)
                0x08000000                __stm32_vector_table
 *(.text .text.* .gnu.linkonce.t.*)
 .text          0x080000ec       0x54 c:/users/luis sagnay/appdata/local/arduino15/packages/arduino/tools/arm-none-eabi-gcc/4.8.3-2014q1/bin/../lib/gcc/arm-none-eabi/4.8.3/armv7-m/crtbegin.o
 .text._Z13mostrarPatronP10LedControlPh
                0x08000140       0x1c C:\Users\Luis Sagnay\AppData\Local\arduino\sketches\8CC00E8E6F4A11401120306249E0F02F\sketch\proyectoAscensor.ino.cpp.o
                0x08000140                mostrarPatron(LedControl*, unsigned char*)
 .text._Z16mapearTeclaAPisoc
                0x0800015c       0x18 C:\Users\Luis Sagnay\AppData\Local\arduino\sketches\8CC00E8E6F4A11401120306249E0F02F\sketch\proyectoAscensor.ino.cpp.o
                0x0800015c                mapearTeclaAPiso(char)
 .text._Z23actualizarFloorMatricesv
                0x08000174       0x3c C:\Users\Luis Sagnay\AppData\Local\arduino\sketches\8CC00E8E6F4A11401120306249E0F02F\sketch\proyectoAscensor.ino.cpp.o
                0x08000174                actualizarFloorMatrices()
 .text._Z13dibujarFlechaR10LedControlPh
                0x080001b0       0x1c C:\Users\Luis Sagnay\AppData\Local\arduino\sketches\8CC00E8E6F4A11401120306249E0F02F\sketch\proyectoAscensor.ino.cpp.o
                0x080001b0                dibujarFlecha(LedControl&, unsigned char*)
 .text._Z18actualizarMatricesv
                0x080001cc       0x4c C:\Users\Luis Sagnay\AppData\Local\arduino\sketches\8CC00E8E6F4A11401120306249E0F02F\sketch\proyectoAscensor.ino.cpp.o
                0x080001cc                actualizarMatrices()
 .text._Z17obtenerNombrePisoi
                0x08000218       0x68 C:\Users\Luis Sagnay\AppData\Local\arduino\sketches\8CC00E8E6F4A11401120306249E0F02F\sketch\proyectoAscensor.ino.cpp.o
                0x08000218                obtenerNombrePiso(int)
 .text._Z13actualizarLCDv
                0x08000280       0x94 C:\Users\Luis Sagnay\AppData\Local\arduino\sketches\8CC00E8E6F4A11401120306249E0F02F\sketch\proyectoAscensor.ino.cpp.o
                0x08000280                actualizarLCD()
 .text._Z11abrirPuertav
                0x08000314       0x4c C:\Users\Luis Sagnay\AppData\Local\arduino\sketches\8CC00E8E6F4A11401120306249E0F02F\sketch\proyectoAscensor.ino.cpp.o
                0x08000314                abrirPuerta()
 .text._Z12cerrarPuertav
                0x08000360       0x4c C:\Users\Luis Sagnay\AppData\Local\arduino\sketches\8CC00E8E6F4A11401120306249E0F02F\sketch\proyectoAscensor.ino.cpp.o
                0x08000360                cerrarPuerta()
 .text._Z20mostrarEstadoInicialv
                0x080003ac       0x30 C:\Users\Luis Sagnay\AppData\Local\arduino\sketches\8CC00E8E6F4A11401120306249E0F02F\sketch\proyectoAscensor.ino.cpp.o
                0x080003ac                mostrarEstadoInicial()
 .text._Z5setupv
                0x080003dc       0xe0 C:\Users\Luis Sagnay\AppData\Local\arduino\sketches\8CC00E8E6F4A11401120306249E0F02F\sketch\proyectoAscensor.ino.cpp.o
                0x080003dc                setup()
 .text._Z13toggleBloqueov
                0x080004bc       0x48 C:\Users\Luis Sagnay\AppData\Local\arduino\sketches\8CC00E8E6F4A11401120306249E0F02F\sketch\proyectoAscensor.ino.cpp.o
                0x080004bc                toggleBloqueo()
 .text._Z13activarAlarmav
                0x08000504       0x44 C:\Users\Luis Sagnay\AppData\Local\arduino\sketches\8CC00E8E6F4A11401120306249E0F02F\sketch\proyectoAscensor.ino.cpp.o
                0x08000504                activarAlarma()
 .text._Z18agregarPisoDestinoi
                0x08000548       0x1c C:\Users\Luis Sagnay\AppData\Local\arduino\sketches\8CC00E8E6F4A11401120306249E0F02F\sketch\proyectoAscensor.ino.cpp.o
                0x08000548                agregarPisoDestino(int)
 .text._Z14manejarTecladoc
                0x08000564       0x54 C:\Users\Luis Sagnay\AppData\Local\arduino\sketches\8CC00E8E6F4A11401120306249E0F02F\sketch\proyectoAscensor.ino.cpp.o
                0x08000564                manejarTeclado(char)
 .text._Z19eliminarPisoDestinoi
                0x080005b8       0x20 C:\Users\Luis Sagnay\AppData\Local\arduino\sketches\8CC00E8E6F4A11401120306249E0F02F\sketch\proyectoAscensor.ino.cpp.o
                0x080005b8                eliminarPisoDestino(int)
 .text._Z13destinoActualv
                0x080005d8       0x1c C:\Users\Luis Sagnay\AppData\Local\arduino\sketches\8CC00E8E6F4A11401120306249E0F02F\sketch\proyectoAscensor.ino.cpp.o
                0x080005d8                destinoActual()
 .text._Z20actualizarMovimientov
                0x080005f4       0x7c C:\Users\Luis Sagnay\AppData\Local\arduino\sketches\8CC00E8E6F4A11401120306249E0F02F\sketch\proyectoAscensor.ino.cpp.o
                0x080005f4                actualizarMovimiento()
 .text._Z4loopv
                0x08000670       0x60 C:\Users\Luis Sagnay\AppData\Local\arduino\sketches\8CC00E8E6F4A11401120306249E0F02F\sketch\proyectoAscensor.ino.cpp.o
                0x08000670                loop()
 .text.startup._GLOBAL__sub_I_bloqueado
                0x080006d0       0x68 C:\Users\Luis Sagnay\AppData\Local\arduino\sketches\8CC00E8E6F4A11401120306249E0F02F\sketch\proyectoAscensor.ino.cpp.o
 .text._ZN3KeyC2Ev
                0x08000738        0xa C:\Users\Luis Sagnay\AppData\Local\arduino\sketches\8CC00E8E6F4A11401120306249E0F02F\libraries\Keypad\Key.cpp.o
                0x08000738                Key::Key()
                0x08000738                Key::Key()
 .text._ZN6Keypad8pin_modeEhh
                0x08000742       0x2c C:\Users\Luis Sagnay\AppData\Local\arduino\sketches\8CC00E8E6F4A11401120306249E0F02F\libraries\Keypad\Keypad.cpp.o
                0x08000742                Keypad::pin_mode(unsigned char, unsigned char)
 .text._ZN6Keypad9pin_writeEhb
                0x0800076e        0x8 C:\Users\Luis Sagnay\AppData\Local\arduino\sketches\8CC00E8E6F4A11401120306249E0F02F\libraries\Keypad\Keypad.cpp.o
                0x0800076e                Keypad::pin_write(unsigned char, bool)
 .text._ZN6Keypad8pin_readEh
                0x08000776        0x6 C:\Users\Luis Sagnay\AppData\Local\arduino\sketches\8CC00E8E6F4A11401120306249E0F02F\libraries\Keypad\Keypad.cpp.o
                0x08000776                Keypad::pin_read(unsigned char)
 .text._ZN6KeypadC2EPcPhS1_hh
                0x0800077c       0x6c C:\Users\Luis Sagnay\AppData\Local\arduino\sketches\8CC00E8E6F4A11401120306249E0F02F\libraries\Keypad\Keypad.cpp.o
                0x0800077c                Keypad::Keypad(char*, unsigned char*, unsigned char*, unsigned char, unsigned char)
                0x0800077c                Keypad::Keypad(char*, unsigned char*, unsigned char*, unsigned char, unsigned char)
 .text._ZN6Keypad8scanKeysEv
                0x080007e8       0xbe C:\Users\Luis Sagnay\AppData\Local\arduino\sketches\8CC00E8E6F4A11401120306249E0F02F\libraries\Keypad\Keypad.cpp.o
                0x080007e8                Keypad::scanKeys()
 .text._ZN6Keypad10findInListEi
                0x080008a6       0x1e C:\Users\Luis Sagnay\AppData\Local\arduino\sketches\8CC00E8E6F4A11401120306249E0F02F\libraries\Keypad\Keypad.cpp.o
                0x080008a6                Keypad::findInList(int)
 .text._ZN6Keypad12transitionToEh8KeyState
                0x080008c4       0x30 C:\Users\Luis Sagnay\AppData\Local\arduino\sketches\8CC00E8E6F4A11401120306249E0F02F\libraries\Keypad\Keypad.cpp.o
                0x080008c4                Keypad::transitionTo(unsigned char, KeyState)
 .text._ZN6Keypad12nextKeyStateEhb
                0x080008f4       0x68 C:\Users\Luis Sagnay\AppData\Local\arduino\sketches\8CC00E8E6F4A11401120306249E0F02F\libraries\Keypad\Keypad.cpp.o
                0x080008f4                Keypad::nextKeyState(unsigned char, bool)
 .text._ZN6Keypad10updateListEv
                0x0800095c       0xc6 C:\Users\Luis Sagnay\AppData\Local\arduino\sketches\8CC00E8E6F4A11401120306249E0F02F\libraries\Keypad\Keypad.cpp.o
                0x0800095c                Keypad::updateList()
 *fill*         0x08000a22        0x2 
 .text._ZN6Keypad7getKeysEv
                0x08000a24       0x30 C:\Users\Luis Sagnay\AppData\Local\arduino\sketches\8CC00E8E6F4A11401120306249E0F02F\libraries\Keypad\Keypad.cpp.o
                0x08000a24                Keypad::getKeys()
 .text._ZN6Keypad6getKeyEv
                0x08000a54       0x2c C:\Users\Luis Sagnay\AppData\Local\arduino\sketches\8CC00E8E6F4A11401120306249E0F02F\libraries\Keypad\Keypad.cpp.o
                0x08000a54                Keypad::getKey()
 .text._ZN13LiquidCrystalC2Ehhhhhh
                0x08000a80       0x3c C:\Users\Luis Sagnay\AppData\Local\arduino\sketches\8CC00E8E6F4A11401120306249E0F02F\libraries\LiquidCrystal\LiquidCrystal.cpp.o
                0x08000a80                LiquidCrystal::LiquidCrystal(unsigned char, unsigned char, unsigned char, unsigned char, unsigned char, unsigned char)
                0x08000a80                LiquidCrystal::LiquidCrystal(unsigned char, unsigned char, unsigned char, unsigned char, unsigned char, unsigned char)
 .text._ZN13LiquidCrystal11pulseEnableEv
                0x08000abc       0x54 C:\Users\Luis Sagnay\AppData\Local\arduino\sketches\8CC00E8E6F4A11401120306249E0F02F\libraries\LiquidCrystal\LiquidCrystal.cpp.o
                0x08000abc                LiquidCrystal::pulseEnable()
 .text._ZN13LiquidCrystal10write4bitsEh
                0x08000b10       0x28 C:\Users\Luis Sagnay\AppData\Local\arduino\sketches\8CC00E8E6F4A11401120306249E0F02F\libraries\LiquidCrystal\LiquidCrystal.cpp.o
                0x08000b10                LiquidCrystal::write4bits(unsigned char)
 .text._ZN13LiquidCrystal10write8bitsEh
                0x08000b38       0x28 C:\Users\Luis Sagnay\AppData\Local\arduino\sketches\8CC00E8E6F4A11401120306249E0F02F\libraries\LiquidCrystal\LiquidCrystal.cpp.o
                0x08000b38                LiquidCrystal::write8bits(unsigned char)
 .text._ZN13LiquidCrystal4sendEhh
                0x08000b60       0x3e C:\Users\Luis Sagnay\AppData\Local\arduino\sketches\8CC00E8E6F4A11401120306249E0F02F\libraries\LiquidCrystal\LiquidCrystal.cpp.o
                0x08000b60                LiquidCrystal::send(unsigned char, unsigned char)
 .text._ZN13LiquidCrystal7commandEh
                0x08000b9e        0x6 C:\Users\Luis Sagnay\AppData\Local\arduino\sketches\8CC00E8E6F4A11401120306249E0F02F\libraries\LiquidCrystal\LiquidCrystal.cpp.o
                0x08000b9e                LiquidCrystal::command(unsigned char)
 .text._ZN13LiquidCrystal5clearEv
                0x08000ba4       0x12 C:\Users\Luis Sagnay\AppData\Local\arduino\sketches\8CC00E8E6F4A11401120306249E0F02F\libraries\LiquidCrystal\LiquidCrystal.cpp.o
                0x08000ba4                LiquidCrystal::clear()
 *fill*         0x08000bb6        0x2 
 .text._ZN13LiquidCrystal9setCursorEhh
                0x08000bb8       0x40 C:\Users\Luis Sagnay\AppData\Local\arduino\sketches\8CC00E8E6F4A11401120306249E0F02F\libraries\LiquidCrystal\LiquidCrystal.cpp.o
                0x08000bb8                LiquidCrystal::setCursor(unsigned char, unsigned char)
 .text._ZN13LiquidCrystal7displayEv
                0x08000bf8       0x14 C:\Users\Luis Sagnay\AppData\Local\arduino\sketches\8CC00E8E6F4A11401120306249E0F02F\libraries\LiquidCrystal\LiquidCrystal.cpp.o
                0x08000bf8                LiquidCrystal::display()
 .text._ZN13LiquidCrystal5beginEhhh
                0x08000c0c      0x112 C:\Users\Luis Sagnay\AppData\Local\arduino\sketches\8CC00E8E6F4A11401120306249E0F02F\libraries\LiquidCrystal\LiquidCrystal.cpp.o
                0x08000c0c                LiquidCrystal::begin(unsigned char, unsigned char, unsigned char)
 .text._ZN13LiquidCrystal5writeEh
                0x08000d1e        0xc C:\Users\Luis Sagnay\AppData\Local\arduino\sketches\8CC00E8E6F4A11401120306249E0F02F\libraries\LiquidCrystal\LiquidCrystal.cpp.o
                0x08000d1e                LiquidCrystal::write(unsigned char)
 .text._ZN10LedControl11spiTransferEihh
                0x08000d2a       0x62 C:\Users\Luis Sagnay\AppData\Local\arduino\sketches\8CC00E8E6F4A11401120306249E0F02F\libraries\LedControl\LedControl.cpp.o
                0x08000d2a                LedControl::spiTransfer(int, unsigned char, unsigned char)
 .text._ZN10LedControl8shutdownEib
                0x08000d8c       0x22 C:\Users\Luis Sagnay\AppData\Local\arduino\sketches\8CC00E8E6F4A11401120306249E0F02F\libraries\LedControl\LedControl.cpp.o
                0x08000d8c                LedControl::shutdown(int, bool)
 .text._ZN10LedControl12setScanLimitEii
                0x08000dae       0x20 C:\Users\Luis Sagnay\AppData\Local\arduino\sketches\8CC00E8E6F4A11401120306249E0F02F\libraries\LedControl\LedControl.cpp.o
                0x08000dae                LedControl::setScanLimit(int, int)
 .text._ZN10LedControl12setIntensityEii
                0x08000dce       0x20 C:\Users\Luis Sagnay\AppData\Local\arduino\sketches\8CC00E8E6F4A11401120306249E0F02F\libraries\LedControl\LedControl.cpp.o
                0x08000dce                LedControl::setIntensity(int, int)
 .text._ZN10LedControl12clearDisplayEi
                0x08000dee       0x2c C:\Users\Luis Sagnay\AppData\Local\arduino\sketches\8CC00E8E6F4A11401120306249E0F02F\libraries\LedControl\LedControl.cpp.o
                0x08000dee                LedControl::clearDisplay(int)
 .text._ZN10LedControlC2Eiiii
                0x08000e1a       0x8e C:\Users\Luis Sagnay\AppData\Local\arduino\sketches\8CC00E8E6F4A11401120306249E0F02F\libraries\LedControl\LedControl.cpp.o
                0x08000e1a                LedControl::LedControl(int, int, int, int)
                0x08000e1a                LedControl::LedControl(int, int, int, int)
 .text._ZN10LedControl6setRowEiih
                0x08000ea8       0x26 C:\Users\Luis Sagnay\AppData\Local\arduino\sketches\8CC00E8E6F4A11401120306249E0F02F\libraries\LedControl\LedControl.cpp.o
                0x08000ea8                LedControl::setRow(int, int, unsigned char)
 *fill*         0x08000ece        0x2 
 .text._Z9boardInitv
                0x08000ed0       0x30 C:\Users\Luis Sagnay\AppData\Local\arduino\sketches\8CC00E8E6F4A11401120306249E0F02F\core\board.cpp.o
                0x08000ed0                boardInit()
 .text.startup._GLOBAL__sub_I__Z9boardInitv
                0x08000f00       0x48 C:\Users\Luis Sagnay\AppData\Local\arduino\sketches\8CC00E8E6F4A11401120306249E0F02F\core\board.cpp.o
 .text._ZL18adc_default_configP7adc_dev
                0x08000f48       0x1c C:\Users\Luis Sagnay\AppData\Local\arduino\sketches\8CC00E8E6F4A11401120306249E0F02F\core\wirish\boards.cpp.o
 .text._ZL20timer_default_configP9timer_dev
                0x08000f64       0x9e C:\Users\Luis Sagnay\AppData\Local\arduino\sketches\8CC00E8E6F4A11401120306249E0F02F\core\wirish\boards.cpp.o
 *fill*         0x08001002        0x2 
 .text._Z4initv
                0x08001004       0xa8 C:\Users\Luis Sagnay\AppData\Local\arduino\sketches\8CC00E8E6F4A11401120306249E0F02F\core\wirish\boards.cpp.o
                0x08001004                init()
 .text._ZN6wirish4priv15board_reset_pllEv
                0x080010ac        0x2 C:\Users\Luis Sagnay\AppData\Local\arduino\sketches\8CC00E8E6F4A11401120306249E0F02F\core\wirish\boards_setup.cpp.o
                0x080010ac                wirish::priv::board_reset_pll()
 .text._ZN6wirish4priv28board_setup_clock_prescalersEv
                0x080010ae       0x26 C:\Users\Luis Sagnay\AppData\Local\arduino\sketches\8CC00E8E6F4A11401120306249E0F02F\core\wirish\boards_setup.cpp.o
                0x080010ae                wirish::priv::board_setup_clock_prescalers()
 .text._ZN6wirish4priv16board_setup_gpioEv
                0x080010d4        0x4 C:\Users\Luis Sagnay\AppData\Local\arduino\sketches\8CC00E8E6F4A11401120306249E0F02F\core\wirish\boards_setup.cpp.o
                0x080010d4                wirish::priv::board_setup_gpio()
 .text._ZN6wirish4priv15board_setup_usbEv
                0x080010d8        0x2 C:\Users\Luis Sagnay\AppData\Local\arduino\sketches\8CC00E8E6F4A11401120306249E0F02F\core\wirish\boards_setup.cpp.o
                0x080010d8                wirish::priv::board_setup_usb()
 .text._ZN6wirish4priv11series_initEv
                0x080010da        0x4 C:\Users\Luis Sagnay\AppData\Local\arduino\sketches\8CC00E8E6F4A11401120306249E0F02F\core\wirish\boards_setup.cpp.o
                0x080010da                wirish::priv::series_init()
 *fill*         0x080010de        0x2 
 .text          0x080010e0       0x10 C:\Users\Luis Sagnay\AppData\Local\arduino\sketches\8CC00E8E6F4A11401120306249E0F02F\core\wirish\start.S.o
                0x080010e0                __start__
 .text.start_c  0x080010f0       0x64 C:\Users\Luis Sagnay\AppData\Local\arduino\sketches\8CC00E8E6F4A11401120306249E0F02F\core\wirish\start_c.c.o
                0x080010f0                start_c
 .text._sbrk    0x08001154       0x44 C:\Users\Luis Sagnay\AppData\Local\arduino\sketches\8CC00E8E6F4A11401120306249E0F02F\core\wirish\syscalls.c.o
                0x08001154                _sbrk
 .text._exit    0x08001198        0x2 C:\Users\Luis Sagnay\AppData\Local\arduino\sketches\8CC00E8E6F4A11401120306249E0F02F\core\wirish\syscalls.c.o
                0x08001198                _exit
 .text.rb_full_count
                0x0800119a       0x22 C:\Users\Luis Sagnay\AppData\Local\arduino\cores\7754268228c4970442660218d242a083\core.a(HardwareSerial.cpp.o)
 .text._ZN14HardwareSerial4readEv
                0x080011bc       0x3a C:\Users\Luis Sagnay\AppData\Local\arduino\cores\7754268228c4970442660218d242a083\core.a(HardwareSerial.cpp.o)
                0x080011bc                HardwareSerial::read()
 .text._ZN14HardwareSerial9availableEv
                0x080011f6        0xc C:\Users\Luis Sagnay\AppData\Local\arduino\cores\7754268228c4970442660218d242a083\core.a(HardwareSerial.cpp.o)
                0x080011f6                HardwareSerial::available()
 .text._ZN14HardwareSerial4peekEv
                0x08001202       0x22 C:\Users\Luis Sagnay\AppData\Local\arduino\cores\7754268228c4970442660218d242a083\core.a(HardwareSerial.cpp.o)
                0x08001202                HardwareSerial::peek()
 .text._ZN14HardwareSerial5flushEv
                0x08001224       0x1a C:\Users\Luis Sagnay\AppData\Local\arduino\cores\7754268228c4970442660218d242a083\core.a(HardwareSerial.cpp.o)
                0x08001224                HardwareSerial::flush()
 .text._ZN14HardwareSerial5writeEh
                0x0800123e       0x1e C:\Users\Luis Sagnay\AppData\Local\arduino\cores\7754268228c4970442660218d242a083\core.a(HardwareSerial.cpp.o)
                0x0800123e                HardwareSerial::write(unsigned char)
 .text._ZN14HardwareSerialC2EP9usart_devhh
                0x0800125c       0x1c C:\Users\Luis Sagnay\AppData\Local\arduino\cores\7754268228c4970442660218d242a083\core.a(HardwareSerial.cpp.o)
                0x0800125c                HardwareSerial::HardwareSerial(usart_dev*, unsigned char, unsigned char)
                0x0800125c                HardwareSerial::HardwareSerial(usart_dev*, unsigned char, unsigned char)
 .text._ZN5Print5writeEPKvm
                0x08001278       0x20 C:\Users\Luis Sagnay\AppData\Local\arduino\cores\7754268228c4970442660218d242a083\core.a(Print.cpp.o)
                0x08001278                Print::write(void const*, unsigned long)
 .text._ZN5Print5writeEPKc
                0x08001298       0x1e C:\Users\Luis Sagnay\AppData\Local\arduino\cores\7754268228c4970442660218d242a083\core.a(Print.cpp.o)
                0x08001298                Print::write(char const*)
 .text._ZN5Print5printERK6String
                0x080012b6       0x10 C:\Users\Luis Sagnay\AppData\Local\arduino\cores\7754268228c4970442660218d242a083\core.a(Print.cpp.o)
                0x080012b6                Print::print(String const&)
 .text._ZN5Print5printEPKc
                0x080012c6        0xa C:\Users\Luis Sagnay\AppData\Local\arduino\cores\7754268228c4970442660218d242a083\core.a(Print.cpp.o)
                0x080012c6                Print::print(char const*)
 .text._ZN6StringD2Ev
                0x080012d0        0xe C:\Users\Luis Sagnay\AppData\Local\arduino\cores\7754268228c4970442660218d242a083\core.a(WString.cpp.o)
                0x080012d0                String::~String()
                0x080012d0                String::~String()
 .text._ZN6String10invalidateEv
                0x080012de       0x16 C:\Users\Luis Sagnay\AppData\Local\arduino\cores\7754268228c4970442660218d242a083\core.a(WString.cpp.o)
                0x080012de                String::invalidate()
 .text._ZN6String12changeBufferEj
                0x080012f4       0x18 C:\Users\Luis Sagnay\AppData\Local\arduino\cores\7754268228c4970442660218d242a083\core.a(WString.cpp.o)
                0x080012f4                String::changeBuffer(unsigned int)
 .text._ZN6String7reserveEj
                0x0800130c       0x22 C:\Users\Luis Sagnay\AppData\Local\arduino\cores\7754268228c4970442660218d242a083\core.a(WString.cpp.o)
                0x0800130c                String::reserve(unsigned int)
 .text._ZN6String4copyEPKcj
                0x0800132e       0x26 C:\Users\Luis Sagnay\AppData\Local\arduino\cores\7754268228c4970442660218d242a083\core.a(WString.cpp.o)
                0x0800132e                String::copy(char const*, unsigned int)
 .text._ZN6StringC2EPKc
                0x08001354       0x24 C:\Users\Luis Sagnay\AppData\Local\arduino\cores\7754268228c4970442660218d242a083\core.a(WString.cpp.o)
                0x08001354                String::String(char const*)
                0x08001354                String::String(char const*)
 .text._ZN6StringaSERKS_
                0x08001378       0x1e C:\Users\Luis Sagnay\AppData\Local\arduino\cores\7754268228c4970442660218d242a083\core.a(WString.cpp.o)
                0x08001378                String::operator=(String const&)
 .text._ZN6StringC2ERKS_
                0x08001396       0x14 C:\Users\Luis Sagnay\AppData\Local\arduino\cores\7754268228c4970442660218d242a083\core.a(WString.cpp.o)
                0x08001396                String::String(String const&)
                0x08001396                String::String(String const&)
 .text._ZN6StringaSEPKc
                0x080013aa       0x22 C:\Users\Luis Sagnay\AppData\Local\arduino\cores\7754268228c4970442660218d242a083\core.a(WString.cpp.o)
                0x080013aa                String::operator=(char const*)
 .text._ZN6StringC2Eih
                0x080013cc       0x24 C:\Users\Luis Sagnay\AppData\Local\arduino\cores\7754268228c4970442660218d242a083\core.a(WString.cpp.o)
                0x080013cc                String::String(int, unsigned char)
                0x080013cc                String::String(int, unsigned char)
 .text._ZN6String6concatEPKcj
                0x080013f0       0x2e C:\Users\Luis Sagnay\AppData\Local\arduino\cores\7754268228c4970442660218d242a083\core.a(WString.cpp.o)
                0x080013f0                String::concat(char const*, unsigned int)
 .text._ZplRK15StringSumHelperRK6String
                0x0800141e       0x1a C:\Users\Luis Sagnay\AppData\Local\arduino\cores\7754268228c4970442660218d242a083\core.a(WString.cpp.o)
                0x0800141e                operator+(StringSumHelper const&, String const&)
 .text.ltoa     0x08001438       0x6e C:\Users\Luis Sagnay\AppData\Local\arduino\cores\7754268228c4970442660218d242a083\core.a(itoa.c.o)
                0x08001438                ltoa
 .text.itoa     0x080014a6        0x4 C:\Users\Luis Sagnay\AppData\Local\arduino\cores\7754268228c4970442660218d242a083\core.a(itoa.c.o)
                0x080014a6                itoa
 .text.adc_init
                0x080014aa       0x14 C:\Users\Luis Sagnay\AppData\Local\arduino\cores\7754268228c4970442660218d242a083\core.a(adc.c.o)
                0x080014aa                adc_init
 .text.adc_set_extsel
                0x080014be       0x12 C:\Users\Luis Sagnay\AppData\Local\arduino\cores\7754268228c4970442660218d242a083\core.a(adc.c.o)
                0x080014be                adc_set_extsel
 .text.adc_set_sample_rate
                0x080014d0       0x30 C:\Users\Luis Sagnay\AppData\Local\arduino\cores\7754268228c4970442660218d242a083\core.a(adc.c.o)
                0x080014d0                adc_set_sample_rate
 .text.__irq_adc
                0x08001500       0x50 C:\Users\Luis Sagnay\AppData\Local\arduino\cores\7754268228c4970442660218d242a083\core.a(adc_f1.c.o)
                0x08001500                __irq_adc
 .text.adc_calibrate
                0x08001550       0x24 C:\Users\Luis Sagnay\AppData\Local\arduino\cores\7754268228c4970442660218d242a083\core.a(adc_f1.c.o)
                0x08001550                adc_calibrate
 .text.adc_set_prescaler
                0x08001574        0x8 C:\Users\Luis Sagnay\AppData\Local\arduino\cores\7754268228c4970442660218d242a083\core.a(adc_f1.c.o)
                0x08001574                adc_set_prescaler
 .text.adc_foreach
                0x0800157c       0x1c C:\Users\Luis Sagnay\AppData\Local\arduino\cores\7754268228c4970442660218d242a083\core.a(adc_f1.c.o)
                0x0800157c                adc_foreach
 .text.adc_enable_single_swstart
                0x08001598       0x36 C:\Users\Luis Sagnay\AppData\Local\arduino\cores\7754268228c4970442660218d242a083\core.a(adc_f1.c.o)
                0x08001598                adc_enable_single_swstart
 .text.dma_irq_handler
                0x080015ce       0x1c C:\Users\Luis Sagnay\AppData\Local\arduino\cores\7754268228c4970442660218d242a083\core.a(dma_f1.c.o)
 *fill*         0x080015ea        0x2 
 .text.__irq_dma1_channel1
                0x080015ec       0x10 C:\Users\Luis Sagnay\AppData\Local\arduino\cores\7754268228c4970442660218d242a083\core.a(dma_f1.c.o)
                0x080015ec                __irq_dma1_channel1
 .text.__irq_dma1_channel2
                0x080015fc       0x10 C:\Users\Luis Sagnay\AppData\Local\arduino\cores\7754268228c4970442660218d242a083\core.a(dma_f1.c.o)
                0x080015fc                __irq_dma1_channel2
 .text.__irq_dma1_channel3
                0x0800160c       0x10 C:\Users\Luis Sagnay\AppData\Local\arduino\cores\7754268228c4970442660218d242a083\core.a(dma_f1.c.o)
                0x0800160c                __irq_dma1_channel3
 .text.__irq_dma1_channel4
                0x0800161c       0x10 C:\Users\Luis Sagnay\AppData\Local\arduino\cores\7754268228c4970442660218d242a083\core.a(dma_f1.c.o)
                0x0800161c                __irq_dma1_channel4
 .text.__irq_dma1_channel5
                0x0800162c       0x10 C:\Users\Luis Sagnay\AppData\Local\arduino\cores\7754268228c4970442660218d242a083\core.a(dma_f1.c.o)
                0x0800162c                __irq_dma1_channel5
 .text.__irq_dma1_channel6
                0x0800163c       0x10 C:\Users\Luis Sagnay\AppData\Local\arduino\cores\7754268228c4970442660218d242a083\core.a(dma_f1.c.o)
                0x0800163c                __irq_dma1_channel6
 .text.__irq_dma1_channel7
                0x0800164c       0x10 C:\Users\Luis Sagnay\AppData\Local\arduino\cores\7754268228c4970442660218d242a083\core.a(dma_f1.c.o)
                0x0800164c                __irq_dma1_channel7
 *fill*         0x0800165c        0x4 
 .text          0x08001660       0x60 C:\Users\Luis Sagnay\AppData\Local\arduino\cores\7754268228c4970442660218d242a083\core.a(exc.S.o)
                0x08001660                __exc_nmi
                0x08001664                __exc_hardfault
                0x08001668                __exc_memmanage
                0x0800166c                __exc_busfault
                0x08001670                __exc_usagefault
 .text.dispatch_single_exti
                0x080016c0       0x2c C:\Users\Luis Sagnay\AppData\Local\arduino\cores\7754268228c4970442660218d242a083\core.a(exti.c.o)
                0x080016c0                dispatch_single_exti
 .text.dispatch_extis
                0x080016ec       0x4c C:\Users\Luis Sagnay\AppData\Local\arduino\cores\7754268228c4970442660218d242a083\core.a(exti.c.o)
                0x080016ec                dispatch_extis
 .text.__irq_exti0
                0x08001738        0x6 C:\Users\Luis Sagnay\AppData\Local\arduino\cores\7754268228c4970442660218d242a083\core.a(exti.c.o)
                0x08001738                __irq_exti0
 .text.__irq_exti1
                0x0800173e        0x6 C:\Users\Luis Sagnay\AppData\Local\arduino\cores\7754268228c4970442660218d242a083\core.a(exti.c.o)
                0x0800173e                __irq_exti1
 .text.__irq_exti2
                0x08001744        0x6 C:\Users\Luis Sagnay\AppData\Local\arduino\cores\7754268228c4970442660218d242a083\core.a(exti.c.o)
                0x08001744                __irq_exti2
 .text.__irq_exti3
                0x0800174a        0x6 C:\Users\Luis Sagnay\AppData\Local\arduino\cores\7754268228c4970442660218d242a083\core.a(exti.c.o)
                0x0800174a                __irq_exti3
 .text.__irq_exti4
                0x08001750        0x6 C:\Users\Luis Sagnay\AppData\Local\arduino\cores\7754268228c4970442660218d242a083\core.a(exti.c.o)
                0x08001750                __irq_exti4
 .text.__irq_exti9_5
                0x08001756        0x8 C:\Users\Luis Sagnay\AppData\Local\arduino\cores\7754268228c4970442660218d242a083\core.a(exti.c.o)
                0x08001756                __irq_exti9_5
 .text.__irq_exti15_10
                0x0800175e        0x8 C:\Users\Luis Sagnay\AppData\Local\arduino\cores\7754268228c4970442660218d242a083\core.a(exti.c.o)
                0x0800175e                __irq_exti15_10
 *fill*         0x08001766        0x2 
 .text.flash_set_latency
                0x08001768       0x14 C:\Users\Luis Sagnay\AppData\Local\arduino\cores\7754268228c4970442660218d242a083\core.a(flash.c.o)
                0x08001768                flash_set_latency
 .text.gpio_init_all
                0x0800177c       0x30 C:\Users\Luis Sagnay\AppData\Local\arduino\cores\7754268228c4970442660218d242a083\core.a(gpio_f1.c.o)
                0x0800177c                gpio_init_all
 .text.gpio_set_mode
                0x080017ac       0x50 C:\Users\Luis Sagnay\AppData\Local\arduino\cores\7754268228c4970442660218d242a083\core.a(gpio_f1.c.o)
                0x080017ac                gpio_set_mode
 .text.afio_init
                0x080017fc       0x12 C:\Users\Luis Sagnay\AppData\Local\arduino\cores\7754268228c4970442660218d242a083\core.a(gpio_f1.c.o)
                0x080017fc                afio_init
 *fill*         0x0800180e        0x2 
 .text.afio_remap
                0x08001810       0x20 C:\Users\Luis Sagnay\AppData\Local\arduino\cores\7754268228c4970442660218d242a083\core.a(gpio_f1.c.o)
                0x08001810                afio_remap
 .text.__irq_i2c1_ev
                0x08001830        0xc C:\Users\Luis Sagnay\AppData\Local\arduino\cores\7754268228c4970442660218d242a083\core.a(i2c_f1.c.o)
                0x08001830                __irq_i2c1_ev
 .text.__irq_i2c2_ev
                0x0800183c        0xc C:\Users\Luis Sagnay\AppData\Local\arduino\cores\7754268228c4970442660218d242a083\core.a(i2c_f1.c.o)
                0x0800183c                __irq_i2c2_ev
 .text.__irq_i2c1_er
                0x08001848        0xc C:\Users\Luis Sagnay\AppData\Local\arduino\cores\7754268228c4970442660218d242a083\core.a(i2c_f1.c.o)
                0x08001848                __irq_i2c1_er
 .text.__irq_i2c2_er
                0x08001854        0xc C:\Users\Luis Sagnay\AppData\Local\arduino\cores\7754268228c4970442660218d242a083\core.a(i2c_f1.c.o)
                0x08001854                __irq_i2c2_er
 .text.nvic_irq_set_priority
                0x08001860       0x28 C:\Users\Luis Sagnay\AppData\Local\arduino\cores\7754268228c4970442660218d242a083\core.a(nvic.c.o)
                0x08001860                nvic_irq_set_priority
 .text.nvic_init
                0x08001888       0x30 C:\Users\Luis Sagnay\AppData\Local\arduino\cores\7754268228c4970442660218d242a083\core.a(nvic.c.o)
                0x08001888                nvic_init
 .text.rcc_dev_clk
                0x080018b8        0xc C:\Users\Luis Sagnay\AppData\Local\arduino\cores\7754268228c4970442660218d242a083\core.a(rcc.c.o)
                0x080018b8                rcc_dev_clk
 .text.rcc_switch_sysclk
                0x080018c4       0x20 C:\Users\Luis Sagnay\AppData\Local\arduino\cores\7754268228c4970442660218d242a083\core.a(rcc.c.o)
                0x080018c4                rcc_switch_sysclk
 .text.rcc_turn_on_clk
                0x080018e4       0x1a C:\Users\Luis Sagnay\AppData\Local\arduino\cores\7754268228c4970442660218d242a083\core.a(rcc.c.o)
                0x080018e4                rcc_turn_on_clk
 .text.rcc_turn_off_clk
                0x080018fe       0x1c C:\Users\Luis Sagnay\AppData\Local\arduino\cores\7754268228c4970442660218d242a083\core.a(rcc.c.o)
                0x080018fe                rcc_turn_off_clk
 .text.rcc_is_clk_ready
                0x0800191a       0x18 C:\Users\Luis Sagnay\AppData\Local\arduino\cores\7754268228c4970442660218d242a083\core.a(rcc.c.o)
                0x0800191a                rcc_is_clk_ready
 *fill*         0x08001932        0x2 
 .text.rcc_configure_pll
                0x08001934       0x18 C:\Users\Luis Sagnay\AppData\Local\arduino\cores\7754268228c4970442660218d242a083\core.a(rcc_f1.c.o)
                0x08001934                rcc_configure_pll
 .text.rcc_clk_enable
                0x0800194c       0x30 C:\Users\Luis Sagnay\AppData\Local\arduino\cores\7754268228c4970442660218d242a083\core.a(rcc_f1.c.o)
                0x0800194c                rcc_clk_enable
 .text.rcc_reset_dev
                0x0800197c       0x34 C:\Users\Luis Sagnay\AppData\Local\arduino\cores\7754268228c4970442660218d242a083\core.a(rcc_f1.c.o)
                0x0800197c                rcc_reset_dev
 .text.rcc_set_prescaler
                0x080019b0       0x20 C:\Users\Luis Sagnay\AppData\Local\arduino\cores\7754268228c4970442660218d242a083\core.a(rcc_f1.c.o)
                0x080019b0                rcc_set_prescaler
 .text.rcc_clk_disable
                0x080019d0       0x30 C:\Users\Luis Sagnay\AppData\Local\arduino\cores\7754268228c4970442660218d242a083\core.a(rcc_f1.c.o)
                0x080019d0                rcc_clk_disable
 .text          0x08001a00        0x2 C:\Users\Luis Sagnay\AppData\Local\arduino\cores\7754268228c4970442660218d242a083\core.a(isrs.S.o)
                0x08001a00                __stm32reservedexception9
                0x08001a00                __exc_debug_monitor
                0x08001a00                __exc_svc
                0x08001a00                __irq_can_rx1
                0x08001a00                __irq_spi2
                0x08001a00                __irq_can_sce
                0x08001a00                __irq_pvd
                0x08001a00                __irq_tamper
                0x08001a00                __default_handler
                0x08001a00                __irq_wwdg
                0x08001a00                __stm32reservedexception10
                0x08001a00                __irq_flash
                0x08001a00                __stm32reservedexception13
                0x08001a00                __irq_rtc
                0x08001a00                __irq_spi1
                0x08001a00                __stm32reservedexception7
                0x08001a00                __irq_usb_hp_can_tx
                0x08001a00                __irq_rtcalarm
                0x08001a00                __stm32reservedexception8
                0x08001a00                __exc_pendsv
                0x08001a00                __irq_usbwakeup
                0x08001a00                __irq_rcc
 *fill*         0x08001a02        0x2 
 .text.systick_init
                0x08001a04       0x10 C:\Users\Luis Sagnay\AppData\Local\arduino\cores\7754268228c4970442660218d242a083\core.a(systick.c.o)
                0x08001a04                systick_init
 .text.__exc_systick
                0x08001a14       0x1c C:\Users\Luis Sagnay\AppData\Local\arduino\cores\7754268228c4970442660218d242a083\core.a(systick.c.o)
                0x08001a14                __exc_systick
 .text.timer_oc_set_mode
                0x08001a30       0x3a C:\Users\Luis Sagnay\AppData\Local\arduino\cores\7754268228c4970442660218d242a083\core.a(timer.c.o)
 .text.dispatch_general
                0x08001a6a       0x66 C:\Users\Luis Sagnay\AppData\Local\arduino\cores\7754268228c4970442660218d242a083\core.a(timer.c.o)
 .text.timer_cc_enable
                0x08001ad0       0x1c C:\Users\Luis Sagnay\AppData\Local\arduino\cores\7754268228c4970442660218d242a083\core.a(timer.c.o)
 .text.timer_foreach
                0x08001aec       0x28 C:\Users\Luis Sagnay\AppData\Local\arduino\cores\7754268228c4970442660218d242a083\core.a(timer.c.o)
                0x08001aec                timer_foreach
 .text.timer_init
                0x08001b14       0x14 C:\Users\Luis Sagnay\AppData\Local\arduino\cores\7754268228c4970442660218d242a083\core.a(timer.c.o)
                0x08001b14                timer_init
 .text.timer_has_cc_channel
                0x08001b28       0x30 C:\Users\Luis Sagnay\AppData\Local\arduino\cores\7754268228c4970442660218d242a083\core.a(timer.c.o)
                0x08001b28                timer_has_cc_channel
 .text.timer_detach_interrupt
                0x08001b58       0x1e C:\Users\Luis Sagnay\AppData\Local\arduino\cores\7754268228c4970442660218d242a083\core.a(timer.c.o)
                0x08001b58                timer_detach_interrupt
 .text.input_capture_mode
                0x08001b76       0x1a C:\Users\Luis Sagnay\AppData\Local\arduino\cores\7754268228c4970442660218d242a083\core.a(timer.c.o)
                0x08001b76                input_capture_mode
 .text.timer_set_mode
                0x08001b90       0x8c C:\Users\Luis Sagnay\AppData\Local\arduino\cores\7754268228c4970442660218d242a083\core.a(timer.c.o)
                0x08001b90                timer_set_mode
 .text.__irq_tim1_brk
                0x08001c1c       0x24 C:\Users\Luis Sagnay\AppData\Local\arduino\cores\7754268228c4970442660218d242a083\core.a(timer.c.o)
                0x08001c1c                __irq_tim1_brk
 .text.__irq_tim1_up
                0x08001c40       0x24 C:\Users\Luis Sagnay\AppData\Local\arduino\cores\7754268228c4970442660218d242a083\core.a(timer.c.o)
                0x08001c40                __irq_tim1_up
 .text.__irq_tim1_trg_com
                0x08001c64       0x34 C:\Users\Luis Sagnay\AppData\Local\arduino\cores\7754268228c4970442660218d242a083\core.a(timer.c.o)
                0x08001c64                __irq_tim1_trg_com
 .text.__irq_tim1_cc
                0x08001c98       0x50 C:\Users\Luis Sagnay\AppData\Local\arduino\cores\7754268228c4970442660218d242a083\core.a(timer.c.o)
                0x08001c98                __irq_tim1_cc
 .text.__irq_tim2
                0x08001ce8        0xc C:\Users\Luis Sagnay\AppData\Local\arduino\cores\7754268228c4970442660218d242a083\core.a(timer.c.o)
                0x08001ce8                __irq_tim2
 .text.__irq_tim3
                0x08001cf4        0xc C:\Users\Luis Sagnay\AppData\Local\arduino\cores\7754268228c4970442660218d242a083\core.a(timer.c.o)
                0x08001cf4                __irq_tim3
 .text.__irq_tim4
                0x08001d00        0xc C:\Users\Luis Sagnay\AppData\Local\arduino\cores\7754268228c4970442660218d242a083\core.a(timer.c.o)
                0x08001d00                __irq_tim4
 .text.usart_tx
                0x08001d0c       0x9c C:\Users\Luis Sagnay\AppData\Local\arduino\cores\7754268228c4970442660218d242a083\core.a(usart.c.o)
                0x08001d0c                usart_tx
 .text.usart_irq
                0x08001da8       0xc8 C:\Users\Luis Sagnay\AppData\Local\arduino\cores\7754268228c4970442660218d242a083\core.a(usart_f1.c.o)
 .text.__irq_usart1
                0x08001e70       0x18 C:\Users\Luis Sagnay\AppData\Local\arduino\cores\7754268228c4970442660218d242a083\core.a(usart_f1.c.o)
                0x08001e70                __irq_usart1
 .text.__irq_usart2
                0x08001e88       0x18 C:\Users\Luis Sagnay\AppData\Local\arduino\cores\7754268228c4970442660218d242a083\core.a(usart_f1.c.o)
                0x08001e88                __irq_usart2
 .text.__irq_usart3
                0x08001ea0       0x18 C:\Users\Luis Sagnay\AppData\Local\arduino\cores\7754268228c4970442660218d242a083\core.a(usart_f1.c.o)
                0x08001ea0                __irq_usart3
 .text.usb_resume
                0x08001eb8       0xb4 C:\Users\Luis Sagnay\AppData\Local\arduino\cores\7754268228c4970442660218d242a083\core.a(usb.c.o)
 .text.__irq_usb_lp_can_rx0
                0x08001f6c      0x1c8 C:\Users\Luis Sagnay\AppData\Local\arduino\cores\7754268228c4970442660218d242a083\core.a(usb.c.o)
                0x08001f6c                __irq_usb_lp_can_rx0
 .text.usb_set_ep_rx_stat
                0x08002134       0x22 C:\Users\Luis Sagnay\AppData\Local\arduino\cores\7754268228c4970442660218d242a083\core.a(usb_cdcacm.c.o)
 *fill*         0x08002156        0x2 
 .text.vcomGetSetLineCoding
                0x08002158       0x18 C:\Users\Luis Sagnay\AppData\Local\arduino\cores\7754268228c4970442660218d242a083\core.a(usb_cdcacm.c.o)
 .text.usbDataSetup
                0x08002170       0x54 C:\Users\Luis Sagnay\AppData\Local\arduino\cores\7754268228c4970442660218d242a083\core.a(usb_cdcacm.c.o)
 .text.usbNoDataSetup
                0x080021c4       0x50 C:\Users\Luis Sagnay\AppData\Local\arduino\cores\7754268228c4970442660218d242a083\core.a(usb_cdcacm.c.o)
 .text.usbGetInterfaceSetting
                0x08002214       0x10 C:\Users\Luis Sagnay\AppData\Local\arduino\cores\7754268228c4970442660218d242a083\core.a(usb_cdcacm.c.o)
 .text.usbGetStringDescriptor
                0x08002224       0x20 C:\Users\Luis Sagnay\AppData\Local\arduino\cores\7754268228c4970442660218d242a083\core.a(usb_cdcacm.c.o)
 .text.usbGetConfigDescriptor
                0x08002244        0xc C:\Users\Luis Sagnay\AppData\Local\arduino\cores\7754268228c4970442660218d242a083\core.a(usb_cdcacm.c.o)
 .text.usbGetDeviceDescriptor
                0x08002250        0xc C:\Users\Luis Sagnay\AppData\Local\arduino\cores\7754268228c4970442660218d242a083\core.a(usb_cdcacm.c.o)
 .text.usbInit  0x0800225c       0x44 C:\Users\Luis Sagnay\AppData\Local\arduino\cores\7754268228c4970442660218d242a083\core.a(usb_cdcacm.c.o)
 .text.usbReset
                0x080022a0      0x160 C:\Users\Luis Sagnay\AppData\Local\arduino\cores\7754268228c4970442660218d242a083\core.a(usb_cdcacm.c.o)
 .text.usb_set_ep_rx_count
                0x08002400       0x4c C:\Users\Luis Sagnay\AppData\Local\arduino\cores\7754268228c4970442660218d242a083\core.a(usb_reg_map.c.o)
                0x08002400                usb_set_ep_rx_count
 .text.Standard_GetConfiguration
                0x0800244c       0x24 C:\Users\Luis Sagnay\AppData\Local\arduino\cores\7754268228c4970442660218d242a083\core.a(usb_core.c.o)
                0x0800244c                Standard_GetConfiguration
 .text.Standard_GetInterface
                0x08002470       0x24 C:\Users\Luis Sagnay\AppData\Local\arduino\cores\7754268228c4970442660218d242a083\core.a(usb_core.c.o)
                0x08002470                Standard_GetInterface
 .text.Standard_GetStatus
                0x08002494       0x90 C:\Users\Luis Sagnay\AppData\Local\arduino\cores\7754268228c4970442660218d242a083\core.a(usb_core.c.o)
                0x08002494                Standard_GetStatus
 .text.DataStageIn
                0x08002524       0xa8 C:\Users\Luis Sagnay\AppData\Local\arduino\cores\7754268228c4970442660218d242a083\core.a(usb_core.c.o)
 .text.Standard_SetConfiguration
                0x080025cc       0x38 C:\Users\Luis Sagnay\AppData\Local\arduino\cores\7754268228c4970442660218d242a083\core.a(usb_core.c.o)
                0x080025cc                Standard_SetConfiguration
 .text.Standard_SetInterface
                0x08002604       0x48 C:\Users\Luis Sagnay\AppData\Local\arduino\cores\7754268228c4970442660218d242a083\core.a(usb_core.c.o)
                0x08002604                Standard_SetInterface
 .text.Standard_ClearFeature
                0x0800264c       0xd0 C:\Users\Luis Sagnay\AppData\Local\arduino\cores\7754268228c4970442660218d242a083\core.a(usb_core.c.o)
                0x0800264c                Standard_ClearFeature
 .text.Standard_SetEndPointFeature
                0x0800271c       0x84 C:\Users\Luis Sagnay\AppData\Local\arduino\cores\7754268228c4970442660218d242a083\core.a(usb_core.c.o)
                0x0800271c                Standard_SetEndPointFeature
 .text.Standard_SetDeviceFeature
                0x080027a0       0x24 C:\Users\Luis Sagnay\AppData\Local\arduino\cores\7754268228c4970442660218d242a083\core.a(usb_core.c.o)
                0x080027a0                Standard_SetDeviceFeature
 .text.Standard_GetDescriptorData
                0x080027c4       0x1c C:\Users\Luis Sagnay\AppData\Local\arduino\cores\7754268228c4970442660218d242a083\core.a(usb_core.c.o)
                0x080027c4                Standard_GetDescriptorData
 .text.Post0_Process
                0x080027e0       0x40 C:\Users\Luis Sagnay\AppData\Local\arduino\cores\7754268228c4970442660218d242a083\core.a(usb_core.c.o)
                0x080027e0                Post0_Process
 .text.Setup0_Process
                0x08002820      0x2d0 C:\Users\Luis Sagnay\AppData\Local\arduino\cores\7754268228c4970442660218d242a083\core.a(usb_core.c.o)
                0x08002820                Setup0_Process
 .text.Out0_Process
                0x08002af0       0xc8 C:\Users\Luis Sagnay\AppData\Local\arduino\cores\7754268228c4970442660218d242a083\core.a(usb_core.c.o)
                0x08002af0                Out0_Process
 .text.SetDeviceAddress
                0x08002bb8       0x38 C:\Users\Luis Sagnay\AppData\Local\arduino\cores\7754268228c4970442660218d242a083\core.a(usb_core.c.o)
                0x08002bb8                SetDeviceAddress
 .text.In0_Process
                0x08002bf0       0x5c C:\Users\Luis Sagnay\AppData\Local\arduino\cores\7754268228c4970442660218d242a083\core.a(usb_core.c.o)
                0x08002bf0                In0_Process
 .text.NOP_Process
                0x08002c4c        0x2 C:\Users\Luis Sagnay\AppData\Local\arduino\cores\7754268228c4970442660218d242a083\core.a(usb_core.c.o)
                0x08002c4c                NOP_Process
 .text.UserToPMABufferCopy
                0x08002c4e       0x30 C:\Users\Luis Sagnay\AppData\Local\arduino\cores\7754268228c4970442660218d242a083\core.a(usb_mem.c.o)
                0x08002c4e                UserToPMABufferCopy
 .text.PMAToUserBufferCopy
                0x08002c7e       0x32 C:\Users\Luis Sagnay\AppData\Local\arduino\cores\7754268228c4970442660218d242a083\core.a(usb_mem.c.o)
                0x08002c7e                PMAToUserBufferCopy
 .text.SetEPTxStatus
                0x08002cb0       0x2a C:\Users\Luis Sagnay\AppData\Local\arduino\cores\7754268228c4970442660218d242a083\core.a(usb_regs.c.o)
                0x08002cb0                SetEPTxStatus
 .text.ClearDTOG_RX
                0x08002cda       0x20 C:\Users\Luis Sagnay\AppData\Local\arduino\cores\7754268228c4970442660218d242a083\core.a(usb_regs.c.o)
                0x08002cda                ClearDTOG_RX
 .text.ClearDTOG_TX
                0x08002cfa       0x20 C:\Users\Luis Sagnay\AppData\Local\arduino\cores\7754268228c4970442660218d242a083\core.a(usb_regs.c.o)
                0x08002cfa                ClearDTOG_TX
 *fill*         0x08002d1a        0x2 
 .text.GetEPTxAddr
                0x08002d1c       0x1c C:\Users\Luis Sagnay\AppData\Local\arduino\cores\7754268228c4970442660218d242a083\core.a(usb_regs.c.o)
                0x08002d1c                GetEPTxAddr
 .text.GetEPRxAddr
                0x08002d38       0x1c C:\Users\Luis Sagnay\AppData\Local\arduino\cores\7754268228c4970442660218d242a083\core.a(usb_regs.c.o)
                0x08002d38                GetEPRxAddr
 .text.SetEPTxCount
                0x08002d54       0x1c C:\Users\Luis Sagnay\AppData\Local\arduino\cores\7754268228c4970442660218d242a083\core.a(usb_regs.c.o)
                0x08002d54                SetEPTxCount
 .text.SetEPRxCount
                0x08002d70       0x40 C:\Users\Luis Sagnay\AppData\Local\arduino\cores\7754268228c4970442660218d242a083\core.a(usb_regs.c.o)
                0x08002d70                SetEPRxCount
 .text.throb    0x08002db0       0x4c C:\Users\Luis Sagnay\AppData\Local\arduino\cores\7754268228c4970442660218d242a083\core.a(util.c.o)
                0x08002db0                throb
 .text.__error  0x08002dfc       0x14 C:\Users\Luis Sagnay\AppData\Local\arduino\cores\7754268228c4970442660218d242a083\core.a(util.c.o)
                0x08002dfc                __error
 .text.startup._Z7premainv
                0x08002e10        0x4 C:\Users\Luis Sagnay\AppData\Local\arduino\cores\7754268228c4970442660218d242a083\core.a(main.cpp.o)
                0x08002e10                premain()
 .text.startup.main
                0x08002e14        0xc C:\Users\Luis Sagnay\AppData\Local\arduino\cores\7754268228c4970442660218d242a083\core.a(main.cpp.o)
                0x08002e14                main
 .text._Znwj    0x08002e20        0x4 C:\Users\Luis Sagnay\AppData\Local\arduino\cores\7754268228c4970442660218d242a083\core.a(new.cpp.o)
                0x08002e20                operator new(unsigned int)
 .text._Z7pinModeh13WiringPinMode
                0x08002e24       0x84 C:\Users\Luis Sagnay\AppData\Local\arduino\cores\7754268228c4970442660218d242a083\core.a(wirish_digital_f1.cpp.o)
                0x08002e24                pinMode(unsigned char, WiringPinMode)
 .text._Z11digitalReadh
                0x08002ea8       0x2c C:\Users\Luis Sagnay\AppData\Local\arduino\cores\7754268228c4970442660218d242a083\core.a(wirish_digital.cpp.o)
                0x08002ea8                digitalRead(unsigned char)
 .text._Z12digitalWritehh
                0x08002ed4       0x2c C:\Users\Luis Sagnay\AppData\Local\arduino\cores\7754268228c4970442660218d242a083\core.a(wirish_digital.cpp.o)
                0x08002ed4                digitalWrite(unsigned char, unsigned char)
 .text._Z8shiftOuthhhh
                0x08002f00       0x64 C:\Users\Luis Sagnay\AppData\Local\arduino\cores\7754268228c4970442660218d242a083\core.a(wirish_shift.cpp.o)
                0x08002f00                shiftOut(unsigned char, unsigned char, unsigned char, unsigned char)
 .text.micros   0x08002f64       0x2c C:\Users\Luis Sagnay\AppData\Local\arduino\cores\7754268228c4970442660218d242a083\core.a(wirish_time.cpp.o)
 .text.delay    0x08002f90       0x2a C:\Users\Luis Sagnay\AppData\Local\arduino\cores\7754268228c4970442660218d242a083\core.a(wirish_time.cpp.o)
                0x08002f90                delay
 .text.delayMicroseconds
                0x08002fba       0x10 C:\Users\Luis Sagnay\AppData\Local\arduino\cores\7754268228c4970442660218d242a083\core.a(wirish_time.cpp.o)
                0x08002fba                delayMicroseconds
 .text.__empty  0x08002fca        0x2 C:\Users\Luis Sagnay\AppData\Local\arduino\cores\7754268228c4970442660218d242a083\core.a(hooks.c.o)
                0x08002fca                yield
 .text.gpio_init
                0x08002fcc       0x14 C:\Users\Luis Sagnay\AppData\Local\arduino\cores\7754268228c4970442660218d242a083\core.a(gpio.c.o)
                0x08002fcc                gpio_init
 .text.i2c_disable_irq
                0x08002fe0        0xc C:\Users\Luis Sagnay\AppData\Local\arduino\cores\7754268228c4970442660218d242a083\core.a(i2c.c.o)
 .text._i2c_irq_handler
                0x08002fec      0x3d8 C:\Users\Luis Sagnay\AppData\Local\arduino\cores\7754268228c4970442660218d242a083\core.a(i2c.c.o)
                0x08002fec                _i2c_irq_handler
 .text._i2c_irq_error_handler
                0x080033c4       0x74 C:\Users\Luis Sagnay\AppData\Local\arduino\cores\7754268228c4970442660218d242a083\core.a(i2c.c.o)
                0x080033c4                _i2c_irq_error_handler
 .text.__errno  0x08003438        0xc c:/users/luis sagnay/appdata/local/arduino15/packages/arduino/tools/arm-none-eabi-gcc/4.8.3-2014q1/bin/../lib/gcc/arm-none-eabi/4.8.3/../../../../arm-none-eabi/lib/armv7-m\libc_s.a(lib_a-errno.o)
                0x08003438                __errno
 .text.exit     0x08003444       0x28 c:/users/luis sagnay/appdata/local/arduino15/packages/arduino/tools/arm-none-eabi-gcc/4.8.3-2014q1/bin/../lib/gcc/arm-none-eabi/4.8.3/../../../../arm-none-eabi/lib/armv7-m\libc_s.a(lib_a-exit.o)
                0x08003444                exit
 .text.__libc_init_array
                0x0800346c       0x4c c:/users/luis sagnay/appdata/local/arduino15/packages/arduino/tools/arm-none-eabi-gcc/4.8.3-2014q1/bin/../lib/gcc/arm-none-eabi/4.8.3/../../../../arm-none-eabi/lib/armv7-m\libc_s.a(lib_a-init.o)
                0x0800346c                __libc_init_array
 .text.malloc   0x080034b8       0x10 c:/users/luis sagnay/appdata/local/arduino15/packages/arduino/tools/arm-none-eabi-gcc/4.8.3-2014q1/bin/../lib/gcc/arm-none-eabi/4.8.3/../../../../arm-none-eabi/lib/armv7-m\libc_s.a(lib_a-malloc.o)
                0x080034b8                malloc
 .text.free     0x080034c8       0x10 c:/users/luis sagnay/appdata/local/arduino15/packages/arduino/tools/arm-none-eabi-gcc/4.8.3-2014q1/bin/../lib/gcc/arm-none-eabi/4.8.3/../../../../arm-none-eabi/lib/armv7-m\libc_s.a(lib_a-malloc.o)
                0x080034c8                free
 .text.memcpy   0x080034d8       0x12 c:/users/luis sagnay/appdata/local/arduino15/packages/arduino/tools/arm-none-eabi-gcc/4.8.3-2014q1/bin/../lib/gcc/arm-none-eabi/4.8.3/../../../../arm-none-eabi/lib/armv7-m\libc_s.a(lib_a-memcpy-stub.o)
                0x080034d8                memcpy
 *fill*         0x080034ea        0x2 
 .text._free_r  0x080034ec       0x88 c:/users/luis sagnay/appdata/local/arduino15/packages/arduino/tools/arm-none-eabi-gcc/4.8.3-2014q1/bin/../lib/gcc/arm-none-eabi/4.8.3/../../../../arm-none-eabi/lib/armv7-m\libc_s.a(lib_a-nano-freer.o)
                0x080034ec                _free_r
 .text._malloc_r
                0x08003574       0xa8 c:/users/luis sagnay/appdata/local/arduino15/packages/arduino/tools/arm-none-eabi-gcc/4.8.3-2014q1/bin/../lib/gcc/arm-none-eabi/4.8.3/../../../../arm-none-eabi/lib/armv7-m\libc_s.a(lib_a-nano-mallocr.o)
                0x08003574                _malloc_r
 .text.realloc  0x0800361c       0x14 c:/users/luis sagnay/appdata/local/arduino15/packages/arduino/tools/arm-none-eabi-gcc/4.8.3-2014q1/bin/../lib/gcc/arm-none-eabi/4.8.3/../../../../arm-none-eabi/lib/armv7-m\libc_s.a(lib_a-realloc.o)
                0x0800361c                realloc
 .text._sbrk_r  0x08003630       0x20 c:/users/luis sagnay/appdata/local/arduino15/packages/arduino/tools/arm-none-eabi-gcc/4.8.3-2014q1/bin/../lib/gcc/arm-none-eabi/4.8.3/../../../../arm-none-eabi/lib/armv7-m\libc_s.a(lib_a-sbrkr.o)
                0x08003630                _sbrk_r
 .text.strcpy   0x08003650       0x10 c:/users/luis sagnay/appdata/local/arduino15/packages/arduino/tools/arm-none-eabi-gcc/4.8.3-2014q1/bin/../lib/gcc/arm-none-eabi/4.8.3/../../../../arm-none-eabi/lib/armv7-m\libc_s.a(lib_a-strcpy.o)
                0x08003650                strcpy
 .text.strlen   0x08003660       0x10 c:/users/luis sagnay/appdata/local/arduino15/packages/arduino/tools/arm-none-eabi-gcc/4.8.3-2014q1/bin/../lib/gcc/arm-none-eabi/4.8.3/../../../../arm-none-eabi/lib/armv7-m\libc_s.a(lib_a-strlen.o)
                0x08003660                strlen
 .text._realloc_r
                0x08003670       0x4c c:/users/luis sagnay/appdata/local/arduino15/packages/arduino/tools/arm-none-eabi-gcc/4.8.3-2014q1/bin/../lib/gcc/arm-none-eabi/4.8.3/../../../../arm-none-eabi/lib/armv7-m\libc_s.a(lib_a-nano-reallocr.o)
                0x08003670                _realloc_r
 .text._malloc_usable_size_r
                0x080036bc       0x12 c:/users/luis sagnay/appdata/local/arduino15/packages/arduino/tools/arm-none-eabi-gcc/4.8.3-2014q1/bin/../lib/gcc/arm-none-eabi/4.8.3/../../../../arm-none-eabi/lib/armv7-m\libc_s.a(lib_a-nano-msizer.o)
                0x080036bc                _malloc_usable_size_r
 *(.plt)
 *(.gnu.warning)
 *(.glue_7t)
 .glue_7t       0x00000000        0x0 linker stubs
 *(.glue_7)
 .glue_7        0x00000000        0x0 linker stubs
 *(.vfp11_veneer)
 .vfp11_veneer  0x00000000        0x0 linker stubs
 *(.ARM.extab* .gnu.linkonce.armextab.*)
 *(.gcc_except_table)
 *(.eh_frame_hdr)
 *(.eh_frame)
 *fill*         0x080036ce        0x2 
 .eh_frame      0x080036d0        0x0 c:/users/luis sagnay/appdata/local/arduino15/packages/arduino/tools/arm-none-eabi-gcc/4.8.3-2014q1/bin/../lib/gcc/arm-none-eabi/4.8.3/armv7-m/crtbegin.o
                0x080036d0                . = ALIGN (0x4)
 *(.init)
 .init          0x080036d0        0x4 c:/users/luis sagnay/appdata/local/arduino15/packages/arduino/tools/arm-none-eabi-gcc/4.8.3-2014q1/bin/../lib/gcc/arm-none-eabi/4.8.3/armv7-m/crti.o
                0x080036d0                _init
 .init          0x080036d4        0x8 c:/users/luis sagnay/appdata/local/arduino15/packages/arduino/tools/arm-none-eabi-gcc/4.8.3-2014q1/bin/../lib/gcc/arm-none-eabi/4.8.3/armv7-m/crtn.o
                0x080036dc                . = ALIGN (0x4)
                0x080036dc                __preinit_array_start = .
 *(.preinit_array)
                0x080036dc                __preinit_array_end = .
                0x080036dc                . = ALIGN (0x4)
                0x080036dc                __init_array_start = .
 *(SORT(.init_array.*))
 .init_array.00101
                0x080036dc        0x4 C:\Users\Luis Sagnay\AppData\Local\arduino\cores\7754268228c4970442660218d242a083\core.a(main.cpp.o)
 *(.init_array)
 .init_array    0x080036e0        0x4 c:/users/luis sagnay/appdata/local/arduino15/packages/arduino/tools/arm-none-eabi-gcc/4.8.3-2014q1/bin/../lib/gcc/arm-none-eabi/4.8.3/armv7-m/crtbegin.o
 .init_array    0x080036e4        0x4 C:\Users\Luis Sagnay\AppData\Local\arduino\sketches\8CC00E8E6F4A11401120306249E0F02F\sketch\proyectoAscensor.ino.cpp.o
 .init_array    0x080036e8        0x4 C:\Users\Luis Sagnay\AppData\Local\arduino\sketches\8CC00E8E6F4A11401120306249E0F02F\core\board.cpp.o
                0x080036ec                __init_array_end = .
                0x080036ec                . = ALIGN (0x4)
 *crtbegin.o(.ctors)
 *(EXCLUDE_FILE(*crtend.o) .ctors)
 *(SORT(.ctors.*))
 *crtend.o(.ctors)
                0x080036ec                . = ALIGN (0x4)
 *(.fini)
 .fini          0x080036ec        0x4 c:/users/luis sagnay/appdata/local/arduino15/packages/arduino/tools/arm-none-eabi-gcc/4.8.3-2014q1/bin/../lib/gcc/arm-none-eabi/4.8.3/armv7-m/crti.o
                0x080036ec                _fini
 .fini          0x080036f0        0x8 c:/users/luis sagnay/appdata/local/arduino15/packages/arduino/tools/arm-none-eabi-gcc/4.8.3-2014q1/bin/../lib/gcc/arm-none-eabi/4.8.3/armv7-m/crtn.o
                0x080036f8                . = ALIGN (0x4)
                0x080036f8                __fini_array_start = .
 *(.fini_array)
 .fini_array    0x080036f8        0x4 c:/users/luis sagnay/appdata/local/arduino15/packages/arduino/tools/arm-none-eabi-gcc/4.8.3-2014q1/bin/../lib/gcc/arm-none-eabi/4.8.3/armv7-m/crtbegin.o
 *(SORT(.fini_array.*))
                0x080036fc                __fini_array_end = .
 *crtbegin.o(.dtors)
 *(EXCLUDE_FILE(*crtend.o) .dtors)
 *(SORT(.dtors.*))
 *crtend.o(.dtors)

.v4_bx          0x080036fc        0x0
 .v4_bx         0x00000000        0x0 linker stubs

.iplt           0x080036fc        0x0
 .iplt          0x00000000        0x0 c:/users/luis sagnay/appdata/local/arduino15/packages/arduino/tools/arm-none-eabi-gcc/4.8.3-2014q1/bin/../lib/gcc/arm-none-eabi/4.8.3/armv7-m/crtbegin.o

.text.align     0x080036fc        0x4
                0x08003700                . = ALIGN (0x8)
 *fill*         0x080036fc        0x4 
                0x08003700                __text_end__ = .
                0x08003700                __exidx_start = .

.ARM.exidx      0x08003700        0x8
 *(.ARM.exidx* .gnu.linkonce.armexidx.*)
 .ARM.exidx     0x08003700        0x8 C:\Users\Luis Sagnay\AppData\Local\arduino\sketches\8CC00E8E6F4A11401120306249E0F02F\core\wirish\start.S.o
                0x08003708                __exidx_end = .

.data           0x20000000      0x528 load address 0x08003708
                0x20000000                __data_start__ = .
                0x20000000        0x4 LONG 0x0
                0x20000008                . = ALIGN (0x8)
 *fill*         0x20000004        0x4 
 *(.got.plt)
 *(.got)
 *(.data .data.* .gnu.linkonce.d.*)
 .data.keys     0x20000008       0x10 C:\Users\Luis Sagnay\AppData\Local\arduino\sketches\8CC00E8E6F4A11401120306249E0F02F\sketch\proyectoAscensor.ino.cpp.o
                0x20000008                keys
 .data.patternSB2
                0x20000018        0x8 C:\Users\Luis Sagnay\AppData\Local\arduino\sketches\8CC00E8E6F4A11401120306249E0F02F\sketch\proyectoAscensor.ino.cpp.o
                0x20000018                patternSB2
 .data.patternP2
                0x20000020        0x8 C:\Users\Luis Sagnay\AppData\Local\arduino\sketches\8CC00E8E6F4A11401120306249E0F02F\sketch\proyectoAscensor.ino.cpp.o
                0x20000020                patternP2
 .data.patternSB1
                0x20000028        0x8 C:\Users\Luis Sagnay\AppData\Local\arduino\sketches\8CC00E8E6F4A11401120306249E0F02F\sketch\proyectoAscensor.ino.cpp.o
                0x20000028                patternSB1
 .data.patternP5
                0x20000030        0x8 C:\Users\Luis Sagnay\AppData\Local\arduino\sketches\8CC00E8E6F4A11401120306249E0F02F\sketch\proyectoAscensor.ino.cpp.o
                0x20000030                patternP5
 .data.colPins  0x20000038        0x4 C:\Users\Luis Sagnay\AppData\Local\arduino\sketches\8CC00E8E6F4A11401120306249E0F02F\sketch\proyectoAscensor.ino.cpp.o
                0x20000038                colPins
 .data.patternPB0
                0x2000003c        0x8 C:\Users\Luis Sagnay\AppData\Local\arduino\sketches\8CC00E8E6F4A11401120306249E0F02F\sketch\proyectoAscensor.ino.cpp.o
                0x2000003c                patternPB0
 .data.floorPatterns
                0x20000044       0x30 C:\Users\Luis Sagnay\AppData\Local\arduino\sketches\8CC00E8E6F4A11401120306249E0F02F\sketch\proyectoAscensor.ino.cpp.o
                0x20000044                floorPatterns
 .data.arrowUp  0x20000074        0x8 C:\Users\Luis Sagnay\AppData\Local\arduino\sketches\8CC00E8E6F4A11401120306249E0F02F\sketch\proyectoAscensor.ino.cpp.o
                0x20000074                arrowUp
 .data.arrowDown
                0x2000007c        0x8 C:\Users\Luis Sagnay\AppData\Local\arduino\sketches\8CC00E8E6F4A11401120306249E0F02F\sketch\proyectoAscensor.ino.cpp.o
                0x2000007c                arrowDown
 .data.patternP1
                0x20000084        0x8 C:\Users\Luis Sagnay\AppData\Local\arduino\sketches\8CC00E8E6F4A11401120306249E0F02F\sketch\proyectoAscensor.ino.cpp.o
                0x20000084                patternP1
 .data.rowPins  0x2000008c        0x4 C:\Users\Luis Sagnay\AppData\Local\arduino\sketches\8CC00E8E6F4A11401120306249E0F02F\sketch\proyectoAscensor.ino.cpp.o
                0x2000008c                rowPins
 .data.patternP3
                0x20000090        0x8 C:\Users\Luis Sagnay\AppData\Local\arduino\sketches\8CC00E8E6F4A11401120306249E0F02F\sketch\proyectoAscensor.ino.cpp.o
                0x20000090                patternP3
 .data.patternP4
                0x20000098        0x8 C:\Users\Luis Sagnay\AppData\Local\arduino\sketches\8CC00E8E6F4A11401120306249E0F02F\sketch\proyectoAscensor.ino.cpp.o
                0x20000098                patternP4
 .data.patternP6
                0x200000a0        0x8 C:\Users\Luis Sagnay\AppData\Local\arduino\sketches\8CC00E8E6F4A11401120306249E0F02F\sketch\proyectoAscensor.ino.cpp.o
                0x200000a0                patternP6
 .data.patternP7
                0x200000a8        0x8 C:\Users\Luis Sagnay\AppData\Local\arduino\sketches\8CC00E8E6F4A11401120306249E0F02F\sketch\proyectoAscensor.ino.cpp.o
                0x200000a8                patternP7
 .data.patternP8
                0x200000b0        0x8 C:\Users\Luis Sagnay\AppData\Local\arduino\sketches\8CC00E8E6F4A11401120306249E0F02F\sketch\proyectoAscensor.ino.cpp.o
                0x200000b0                patternP8
 .data.patternP9
                0x200000b8        0x8 C:\Users\Luis Sagnay\AppData\Local\arduino\sketches\8CC00E8E6F4A11401120306249E0F02F\sketch\proyectoAscensor.ino.cpp.o
                0x200000b8                patternP9
 .data._ZN6wirish4privL8pll_dataE
                0x200000c0        0x4 C:\Users\Luis Sagnay\AppData\Local\arduino\sketches\8CC00E8E6F4A11401120306249E0F02F\core\wirish\boards_setup.cpp.o
 .data._ZN6wirish4priv9w_adc_smpE
                0x200000c4        0x1 C:\Users\Luis Sagnay\AppData\Local\arduino\sketches\8CC00E8E6F4A11401120306249E0F02F\core\wirish\boards_setup.cpp.o
                0x200000c4                wirish::priv::w_adc_smp
 *fill*         0x200000c5        0x1 
 .data._ZN6wirish4priv9w_adc_preE
                0x200000c6        0x2 C:\Users\Luis Sagnay\AppData\Local\arduino\sketches\8CC00E8E6F4A11401120306249E0F02F\core\wirish\boards_setup.cpp.o
                0x200000c6                wirish::priv::w_adc_pre
 .data._ZN6wirish4priv15w_board_pll_cfgE
                0x200000c8        0x8 C:\Users\Luis Sagnay\AppData\Local\arduino\sketches\8CC00E8E6F4A11401120306249E0F02F\core\wirish\boards_setup.cpp.o
                0x200000c8                wirish::priv::w_board_pll_cfg
 .data.adc2     0x200000d0        0x8 C:\Users\Luis Sagnay\AppData\Local\arduino\cores\7754268228c4970442660218d242a083\core.a(adc_f1.c.o)
                0x200000d0                adc2
 .data.adc1     0x200000d8       0x18 C:\Users\Luis Sagnay\AppData\Local\arduino\cores\7754268228c4970442660218d242a083\core.a(adc_f1.c.o)
                0x200000d8                adc1
 .data.ADC2     0x200000f0        0x4 C:\Users\Luis Sagnay\AppData\Local\arduino\cores\7754268228c4970442660218d242a083\core.a(adc_f1.c.o)
                0x200000f0                ADC2
 .data.ADC1     0x200000f4        0x4 C:\Users\Luis Sagnay\AppData\Local\arduino\cores\7754268228c4970442660218d242a083\core.a(adc_f1.c.o)
                0x200000f4                ADC1
 .data.dma1     0x200000f8       0x40 C:\Users\Luis Sagnay\AppData\Local\arduino\cores\7754268228c4970442660218d242a083\core.a(dma_f1.c.o)
 .data.DMA1     0x20000138        0x4 C:\Users\Luis Sagnay\AppData\Local\arduino\cores\7754268228c4970442660218d242a083\core.a(dma_f1.c.o)
                0x20000138                DMA1
 .data.gpioa    0x2000013c        0x8 C:\Users\Luis Sagnay\AppData\Local\arduino\cores\7754268228c4970442660218d242a083\core.a(gpio_f1.c.o)
                0x2000013c                gpioa
 .data.gpiob    0x20000144        0x8 C:\Users\Luis Sagnay\AppData\Local\arduino\cores\7754268228c4970442660218d242a083\core.a(gpio_f1.c.o)
                0x20000144                gpiob
 .data.gpioc    0x2000014c        0x8 C:\Users\Luis Sagnay\AppData\Local\arduino\cores\7754268228c4970442660218d242a083\core.a(gpio_f1.c.o)
                0x2000014c                gpioc
 .data.gpiod    0x20000154        0x8 C:\Users\Luis Sagnay\AppData\Local\arduino\cores\7754268228c4970442660218d242a083\core.a(gpio_f1.c.o)
                0x20000154                gpiod
 .data.i2c1     0x2000015c       0x38 C:\Users\Luis Sagnay\AppData\Local\arduino\cores\7754268228c4970442660218d242a083\core.a(i2c_f1.c.o)
 .data.i2c2     0x20000194       0x38 C:\Users\Luis Sagnay\AppData\Local\arduino\cores\7754268228c4970442660218d242a083\core.a(i2c_f1.c.o)
 .data.enable_regs.4411
                0x200001cc        0xc C:\Users\Luis Sagnay\AppData\Local\arduino\cores\7754268228c4970442660218d242a083\core.a(rcc_f1.c.o)
 .data.reset_regs.4415
                0x200001d8        0x8 C:\Users\Luis Sagnay\AppData\Local\arduino\cores\7754268228c4970442660218d242a083\core.a(rcc_f1.c.o)
 .data.enable_regs.4424
                0x200001e0        0xc C:\Users\Luis Sagnay\AppData\Local\arduino\cores\7754268228c4970442660218d242a083\core.a(rcc_f1.c.o)
 .data.timer3   0x200001ec       0x24 C:\Users\Luis Sagnay\AppData\Local\arduino\cores\7754268228c4970442660218d242a083\core.a(timer.c.o)
                0x200001ec                timer3
 .data.timer4   0x20000210       0x24 C:\Users\Luis Sagnay\AppData\Local\arduino\cores\7754268228c4970442660218d242a083\core.a(timer.c.o)
                0x20000210                timer4
 .data.timer1   0x20000234       0x28 C:\Users\Luis Sagnay\AppData\Local\arduino\cores\7754268228c4970442660218d242a083\core.a(timer.c.o)
                0x20000234                timer1
 .data.timer2   0x2000025c       0x24 C:\Users\Luis Sagnay\AppData\Local\arduino\cores\7754268228c4970442660218d242a083\core.a(timer.c.o)
                0x2000025c                timer2
 .data.USART1   0x20000280        0x4 C:\Users\Luis Sagnay\AppData\Local\arduino\cores\7754268228c4970442660218d242a083\core.a(usart_f1.c.o)
                0x20000280                USART1
 .data.USART2   0x20000284        0x4 C:\Users\Luis Sagnay\AppData\Local\arduino\cores\7754268228c4970442660218d242a083\core.a(usart_f1.c.o)
                0x20000284                USART2
 .data.USART3   0x20000288        0x4 C:\Users\Luis Sagnay\AppData\Local\arduino\cores\7754268228c4970442660218d242a083\core.a(usart_f1.c.o)
                0x20000288                USART3
 .data.usart1   0x2000028c       0x94 C:\Users\Luis Sagnay\AppData\Local\arduino\cores\7754268228c4970442660218d242a083\core.a(usart_f1.c.o)
 .data.usart2   0x20000320       0x94 C:\Users\Luis Sagnay\AppData\Local\arduino\cores\7754268228c4970442660218d242a083\core.a(usart_f1.c.o)
 .data.usart3   0x200003b4       0x94 C:\Users\Luis Sagnay\AppData\Local\arduino\cores\7754268228c4970442660218d242a083\core.a(usart_f1.c.o)
 .data.USBLIB   0x20000448        0x4 C:\Users\Luis Sagnay\AppData\Local\arduino\cores\7754268228c4970442660218d242a083\core.a(usb.c.o)
                0x20000448                USBLIB
 .data.usblib   0x2000044c       0x10 C:\Users\Luis Sagnay\AppData\Local\arduino\cores\7754268228c4970442660218d242a083\core.a(usb.c.o)
 .data.Config_Descriptor
                0x2000045c        0x8 C:\Users\Luis Sagnay\AppData\Local\arduino\cores\7754268228c4970442660218d242a083\core.a(usb_cdcacm.c.o)
 .data.Device_Property
                0x20000464       0x30 C:\Users\Luis Sagnay\AppData\Local\arduino\cores\7754268228c4970442660218d242a083\core.a(usb_cdcacm.c.o)
                0x20000464                Device_Property
 .data.String_Descriptor
                0x20000494       0x18 C:\Users\Luis Sagnay\AppData\Local\arduino\cores\7754268228c4970442660218d242a083\core.a(usb_cdcacm.c.o)
 .data.line_coding
                0x200004ac        0x7 C:\Users\Luis Sagnay\AppData\Local\arduino\cores\7754268228c4970442660218d242a083\core.a(usb_cdcacm.c.o)
 *fill*         0x200004b3        0x1 
 .data.Device_Descriptor
                0x200004b4        0x8 C:\Users\Luis Sagnay\AppData\Local\arduino\cores\7754268228c4970442660218d242a083\core.a(usb_cdcacm.c.o)
 .data.Device_Table
                0x200004bc        0x2 C:\Users\Luis Sagnay\AppData\Local\arduino\cores\7754268228c4970442660218d242a083\core.a(usb_cdcacm.c.o)
                0x200004bc                Device_Table
 *fill*         0x200004be        0x2 
 .data.impure_data
                0x200004c0       0x60 c:/users/luis sagnay/appdata/local/arduino15/packages/arduino/tools/arm-none-eabi-gcc/4.8.3-2014q1/bin/../lib/gcc/arm-none-eabi/4.8.3/../../../../arm-none-eabi/lib/armv7-m\libc_s.a(lib_a-impure.o)
 .data._impure_ptr
                0x20000520        0x4 c:/users/luis sagnay/appdata/local/arduino15/packages/arduino/tools/arm-none-eabi-gcc/4.8.3-2014q1/bin/../lib/gcc/arm-none-eabi/4.8.3/../../../../arm-none-eabi/lib/armv7-m\libc_s.a(lib_a-impure.o)
                0x20000520                _impure_ptr
                0x20000528                . = ALIGN (0x8)
 *fill*         0x20000524        0x4 
                0x20000528                __data_end__ = .

.jcr            0x20000528        0x0 load address 0x08003c30
 .jcr           0x20000528        0x0 c:/users/luis sagnay/appdata/local/arduino15/packages/arduino/tools/arm-none-eabi-gcc/4.8.3-2014q1/bin/../lib/gcc/arm-none-eabi/4.8.3/armv7-m/crtbegin.o

.igot.plt       0x20000528        0x0 load address 0x08003c30
 .igot.plt      0x00000000        0x0 c:/users/luis sagnay/appdata/local/arduino15/packages/arduino/tools/arm-none-eabi-gcc/4.8.3-2014q1/bin/../lib/gcc/arm-none-eabi/4.8.3/armv7-m/crtbegin.o

.rodata         0x08003c30      0x548
 *(.rodata .rodata.* .gnu.linkonce.r.*)
 .rodata.str1.1
                0x08003c30       0xba C:\Users\Luis Sagnay\AppData\Local\arduino\sketches\8CC00E8E6F4A11401120306249E0F02F\sketch\proyectoAscensor.ino.cpp.o
                                 0xbd (size before relaxing)
 .rodata.CSWTCH.34
                0x08003cea       0x17 C:\Users\Luis Sagnay\AppData\Local\arduino\sketches\8CC00E8E6F4A11401120306249E0F02F\sketch\proyectoAscensor.ino.cpp.o
 *fill*         0x08003d01        0x3 
 .rodata._ZL6csPins
                0x08003d04       0x30 C:\Users\Luis Sagnay\AppData\Local\arduino\sketches\8CC00E8E6F4A11401120306249E0F02F\sketch\proyectoAscensor.ino.cpp.o
 *fill*         0x08003d34        0x4 
 .rodata._ZTV6Keypad
                0x08003d38       0x18 C:\Users\Luis Sagnay\AppData\Local\arduino\sketches\8CC00E8E6F4A11401120306249E0F02F\libraries\Keypad\Keypad.cpp.o
                0x08003d38                vtable for Keypad
 .rodata._ZTV13LiquidCrystal
                0x08003d50       0x18 C:\Users\Luis Sagnay\AppData\Local\arduino\sketches\8CC00E8E6F4A11401120306249E0F02F\libraries\LiquidCrystal\LiquidCrystal.cpp.o
                0x08003d50                vtable for LiquidCrystal
 .rodata        0x08003d68       0x10 C:\Users\Luis Sagnay\AppData\Local\arduino\sketches\8CC00E8E6F4A11401120306249E0F02F\libraries\LiquidCrystal\LiquidCrystal.cpp.o
 .rodata.PIN_MAP
                0x08003d78      0x2e0 C:\Users\Luis Sagnay\AppData\Local\arduino\sketches\8CC00E8E6F4A11401120306249E0F02F\core\board.cpp.o
                0x08003d78                PIN_MAP
 .rodata._ZTV14HardwareSerial
                0x08004058       0x28 C:\Users\Luis Sagnay\AppData\Local\arduino\cores\7754268228c4970442660218d242a083\core.a(HardwareSerial.cpp.o)
                0x08004058                vtable for HardwareSerial
 .rodata.GPIOB  0x08004080        0x4 C:\Users\Luis Sagnay\AppData\Local\arduino\cores\7754268228c4970442660218d242a083\core.a(gpio_f1.c.o)
                0x08004080                GPIOB
 .rodata.rcc_dev_table
                0x08004084       0x5c C:\Users\Luis Sagnay\AppData\Local\arduino\cores\7754268228c4970442660218d242a083\core.a(rcc_f1.c.o)
                0x08004084                rcc_dev_table
 .rodata.masks.4420
                0x080040e0       0x14 C:\Users\Luis Sagnay\AppData\Local\arduino\cores\7754268228c4970442660218d242a083\core.a(rcc_f1.c.o)
 .rodata.usbVcomDescriptor_iProduct
                0x080040f4        0xc C:\Users\Luis Sagnay\AppData\Local\arduino\cores\7754268228c4970442660218d242a083\core.a(usb_cdcacm.c.o)
 .rodata.usbVcomDescriptor_iManufacturer
                0x08004100       0x12 C:\Users\Luis Sagnay\AppData\Local\arduino\cores\7754268228c4970442660218d242a083\core.a(usb_cdcacm.c.o)
 .rodata.usbVcomDescriptor_Device
                0x08004112       0x12 C:\Users\Luis Sagnay\AppData\Local\arduino\cores\7754268228c4970442660218d242a083\core.a(usb_cdcacm.c.o)
 .rodata.usbVcomDescriptor_Config
                0x08004124       0x43 C:\Users\Luis Sagnay\AppData\Local\arduino\cores\7754268228c4970442660218d242a083\core.a(usb_cdcacm.c.o)
 .rodata.usbVcomDescriptor_LangID
                0x08004167        0x4 C:\Users\Luis Sagnay\AppData\Local\arduino\cores\7754268228c4970442660218d242a083\core.a(usb_cdcacm.c.o)
 .rodata.str1.1
                0x0800416b        0x2 c:/users/luis sagnay/appdata/local/arduino15/packages/arduino/tools/arm-none-eabi-gcc/4.8.3-2014q1/bin/../lib/gcc/arm-none-eabi/4.8.3/../../../../arm-none-eabi/lib/armv7-m\libc_s.a(lib_a-impure.o)
 *fill*         0x0800416d        0x3 
 .rodata._global_impure_ptr
                0x08004170        0x4 c:/users/luis sagnay/appdata/local/arduino15/packages/arduino/tools/arm-none-eabi-gcc/4.8.3-2014q1/bin/../lib/gcc/arm-none-eabi/4.8.3/../../../../arm-none-eabi/lib/armv7-m\libc_s.a(lib_a-impure.o)
                0x08004170                _global_impure_ptr
 *(.USER_FLASH)
                0x08004174                . = ALIGN (0x4)
                0x08004174                _lm_rom_img_cfgp = .
                0x08004174        0x4 LONG 0x8003708 LOADADDR (.data)
                0x200008f0                _lm_heap_start = DEFINED (_lm_heap_start)?_lm_heap_start:_end
                0x20005000                _lm_heap_end = DEFINED (_lm_heap_end)?_lm_heap_end:__msp_init

.rel.dyn        0x08004178        0x0
 .rel.iplt      0x00000000        0x0 c:/users/luis sagnay/appdata/local/arduino15/packages/arduino/tools/arm-none-eabi-gcc/4.8.3-2014q1/bin/../lib/gcc/arm-none-eabi/4.8.3/armv7-m/crtbegin.o

.bss            0x20000528      0x3c8
                0x20000528                . = ALIGN (0x8)
                0x20000528                __bss_start__ = .
 *(.bss .bss.* .gnu.linkonce.b.*)
 .bss           0x20000528       0x1c c:/users/luis sagnay/appdata/local/arduino15/packages/arduino/tools/arm-none-eabi-gcc/4.8.3-2014q1/bin/../lib/gcc/arm-none-eabi/4.8.3/armv7-m/crtbegin.o
 .bss.listaDestinos
                0x20000544       0x28 C:\Users\Luis Sagnay\AppData\Local\arduino\sketches\8CC00E8E6F4A11401120306249E0F02F\sketch\proyectoAscensor.ino.cpp.o
                0x20000544                listaDestinos
 .bss.bloqueado
                0x2000056c        0x1 C:\Users\Luis Sagnay\AppData\Local\arduino\sketches\8CC00E8E6F4A11401120306249E0F02F\sketch\proyectoAscensor.ino.cpp.o
                0x2000056c                bloqueado
 *fill*         0x2000056d        0x3 
 .bss.pisoActual
                0x20000570        0x4 C:\Users\Luis Sagnay\AppData\Local\arduino\sketches\8CC00E8E6F4A11401120306249E0F02F\sketch\proyectoAscensor.ino.cpp.o
                0x20000570                pisoActual
 .bss.keypad    0x20000574       0xd8 C:\Users\Luis Sagnay\AppData\Local\arduino\sketches\8CC00E8E6F4A11401120306249E0F02F\sketch\proyectoAscensor.ino.cpp.o
                0x20000574                keypad
 .bss.matrixArriba
                0x2000064c       0x60 C:\Users\Luis Sagnay\AppData\Local\arduino\sketches\8CC00E8E6F4A11401120306249E0F02F\sketch\proyectoAscensor.ino.cpp.o
                0x2000064c                matrixArriba
 .bss.tiempoMovimiento
                0x200006ac        0x4 C:\Users\Luis Sagnay\AppData\Local\arduino\sketches\8CC00E8E6F4A11401120306249E0F02F\sketch\proyectoAscensor.ino.cpp.o
                0x200006ac                tiempoMovimiento
 .bss.floorMatrices
                0x200006b0       0x30 C:\Users\Luis Sagnay\AppData\Local\arduino\sketches\8CC00E8E6F4A11401120306249E0F02F\sketch\proyectoAscensor.ino.cpp.o
                0x200006b0                floorMatrices
 .bss.direccion
                0x200006e0        0x4 C:\Users\Luis Sagnay\AppData\Local\arduino\sketches\8CC00E8E6F4A11401120306249E0F02F\sketch\proyectoAscensor.ino.cpp.o
                0x200006e0                direccion
 .bss.matrixAbajo
                0x200006e4       0x60 C:\Users\Luis Sagnay\AppData\Local\arduino\sketches\8CC00E8E6F4A11401120306249E0F02F\sketch\proyectoAscensor.ino.cpp.o
                0x200006e4                matrixAbajo
 .bss.lcd       0x20000744       0x1c C:\Users\Luis Sagnay\AppData\Local\arduino\sketches\8CC00E8E6F4A11401120306249E0F02F\sketch\proyectoAscensor.ino.cpp.o
                0x20000744                lcd
 .bss.puertaAbierta
                0x20000760        0x1 C:\Users\Luis Sagnay\AppData\Local\arduino\sketches\8CC00E8E6F4A11401120306249E0F02F\sketch\proyectoAscensor.ino.cpp.o
                0x20000760                puertaAbierta
 *fill*         0x20000761        0x3 
 .bss.tiempoBloqueo
                0x20000764        0x4 C:\Users\Luis Sagnay\AppData\Local\arduino\sketches\8CC00E8E6F4A11401120306249E0F02F\sketch\proyectoAscensor.ino.cpp.o
                0x20000764                tiempoBloqueo
 .bss.Serial1   0x20000768       0x18 C:\Users\Luis Sagnay\AppData\Local\arduino\sketches\8CC00E8E6F4A11401120306249E0F02F\core\board.cpp.o
                0x20000768                Serial1
 .bss.Serial2   0x20000780       0x18 C:\Users\Luis Sagnay\AppData\Local\arduino\sketches\8CC00E8E6F4A11401120306249E0F02F\core\board.cpp.o
                0x20000780                Serial2
 .bss.Serial3   0x20000798       0x18 C:\Users\Luis Sagnay\AppData\Local\arduino\sketches\8CC00E8E6F4A11401120306249E0F02F\core\board.cpp.o
                0x20000798                Serial3
 .bss.pbreak.4444
                0x200007b0        0x4 C:\Users\Luis Sagnay\AppData\Local\arduino\sketches\8CC00E8E6F4A11401120306249E0F02F\core\wirish\syscalls.c.o
 .bss.exti_channels
                0x200007b4       0x80 C:\Users\Luis Sagnay\AppData\Local\arduino\cores\7754268228c4970442660218d242a083\core.a(exti.c.o)
                0x200007b4                exti_channels
 .bss.systick_user_callback
                0x20000834        0x4 C:\Users\Luis Sagnay\AppData\Local\arduino\cores\7754268228c4970442660218d242a083\core.a(systick.c.o)
 .bss.usart1_wb
                0x20000838        0xc C:\Users\Luis Sagnay\AppData\Local\arduino\cores\7754268228c4970442660218d242a083\core.a(usart_f1.c.o)
 .bss.usart1_rb
                0x20000844        0xc C:\Users\Luis Sagnay\AppData\Local\arduino\cores\7754268228c4970442660218d242a083\core.a(usart_f1.c.o)
 .bss.usart2_rb
                0x20000850        0xc C:\Users\Luis Sagnay\AppData\Local\arduino\cores\7754268228c4970442660218d242a083\core.a(usart_f1.c.o)
 .bss.usart3_rb
                0x2000085c        0xc C:\Users\Luis Sagnay\AppData\Local\arduino\cores\7754268228c4970442660218d242a083\core.a(usart_f1.c.o)
 .bss.usart2_wb
                0x20000868        0xc C:\Users\Luis Sagnay\AppData\Local\arduino\cores\7754268228c4970442660218d242a083\core.a(usart_f1.c.o)
 .bss.usart3_wb
                0x20000874        0xc C:\Users\Luis Sagnay\AppData\Local\arduino\cores\7754268228c4970442660218d242a083\core.a(usart_f1.c.o)
 .bss.line_dtr_rts
                0x20000880        0x1 C:\Users\Luis Sagnay\AppData\Local\arduino\cores\7754268228c4970442660218d242a083\core.a(usb_cdcacm.c.o)
 *fill*         0x20000881        0x3 
 .bss.tx_head   0x20000884        0x4 C:\Users\Luis Sagnay\AppData\Local\arduino\cores\7754268228c4970442660218d242a083\core.a(usb_cdcacm.c.o)
 .bss.transmitting
                0x20000888        0x1 C:\Users\Luis Sagnay\AppData\Local\arduino\cores\7754268228c4970442660218d242a083\core.a(usb_cdcacm.c.o)
 *fill*         0x20000889        0x3 
 .bss.rx_tail   0x2000088c        0x4 C:\Users\Luis Sagnay\AppData\Local\arduino\cores\7754268228c4970442660218d242a083\core.a(usb_cdcacm.c.o)
 .bss.iface_setup_hook
                0x20000890        0x4 C:\Users\Luis Sagnay\AppData\Local\arduino\cores\7754268228c4970442660218d242a083\core.a(usb_cdcacm.c.o)
 .bss.rx_head   0x20000894        0x4 C:\Users\Luis Sagnay\AppData\Local\arduino\cores\7754268228c4970442660218d242a083\core.a(usb_cdcacm.c.o)
 .bss.tx_tail   0x20000898        0x4 C:\Users\Luis Sagnay\AppData\Local\arduino\cores\7754268228c4970442660218d242a083\core.a(usb_cdcacm.c.o)
 .bss.Data_Mul_MaxPacketSize
                0x2000089c        0x1 C:\Users\Luis Sagnay\AppData\Local\arduino\cores\7754268228c4970442660218d242a083\core.a(usb_core.c.o)
                0x2000089c                Data_Mul_MaxPacketSize
 *fill*         0x2000089d        0x3 
 .bss.__malloc_sbrk_start
                0x200008a0        0x4 c:/users/luis sagnay/appdata/local/arduino15/packages/arduino/tools/arm-none-eabi-gcc/4.8.3-2014q1/bin/../lib/gcc/arm-none-eabi/4.8.3/../../../../arm-none-eabi/lib/armv7-m\libc_s.a(lib_a-nano-mallocr.o)
                0x200008a0                __malloc_sbrk_start
 .bss.__malloc_free_list
                0x200008a4        0x4 c:/users/luis sagnay/appdata/local/arduino15/packages/arduino/tools/arm-none-eabi-gcc/4.8.3-2014q1/bin/../lib/gcc/arm-none-eabi/4.8.3/../../../../arm-none-eabi/lib/armv7-m\libc_s.a(lib_a-nano-mallocr.o)
                0x200008a4                __malloc_free_list
 *(COMMON)
 COMMON         0x200008a8        0x4 C:\Users\Luis Sagnay\AppData\Local\arduino\cores\7754268228c4970442660218d242a083\core.a(systick.c.o)
                0x200008a8                systick_uptime_millis
 COMMON         0x200008ac        0x6 C:\Users\Luis Sagnay\AppData\Local\arduino\cores\7754268228c4970442660218d242a083\core.a(usb.c.o)
                0x200008ac                SaveRState
                0x200008ae                SaveTState
                0x200008b0                ResumeS
 COMMON         0x200008b2        0x2 C:\Users\Luis Sagnay\AppData\Local\arduino\cores\7754268228c4970442660218d242a083\core.a(usb_core.c.o)
                0x200008b2                StatusInfo
 COMMON         0x200008b4       0x32 C:\Users\Luis Sagnay\AppData\Local\arduino\cores\7754268228c4970442660218d242a083\core.a(usb_init.c.o)
                0x200008b4                SaveState
                0x200008b8                pProperty
                0x200008bc                EPindex
                0x200008c0                Device_Info
                0x200008dc                pUser_Standard_Requests
                0x200008e0                pInformation
                0x200008e4                wInterrupt_Mask
 *fill*         0x200008e6        0x2 
 COMMON         0x200008e8        0x4 c:/users/luis sagnay/appdata/local/arduino15/packages/arduino/tools/arm-none-eabi-gcc/4.8.3-2014q1/bin/../lib/gcc/arm-none-eabi/4.8.3/../../../../arm-none-eabi/lib/armv7-m\libc_s.a(lib_a-reent.o)
                0x200008e8                errno
                0x200008f0                . = ALIGN (0x8)
 *fill*         0x200008ec        0x4 
                0x200008f0                __bss_end__ = .
                0x200008f0                _end = __bss_end__

.stab
 *(.stab)

.stabstr
 *(.stabstr)

.debug
 *(.debug)

.line
 *(.line)

.debug_srcinfo
 *(.debug_srcinfo)

.debug_sfnames
 *(.debug_sfnames)

.debug_aranges  0x00000000     0x1510
 *(.debug_aranges)
 .debug_aranges
                0x00000000       0xb8 C:\Users\Luis Sagnay\AppData\Local\arduino\sketches\8CC00E8E6F4A11401120306249E0F02F\sketch\proyectoAscensor.ino.cpp.o
 .debug_aranges
                0x000000b8       0x30 C:\Users\Luis Sagnay\AppData\Local\arduino\sketches\8CC00E8E6F4A11401120306249E0F02F\libraries\Keypad\Key.cpp.o
 .debug_aranges
                0x000000e8       0xc0 C:\Users\Luis Sagnay\AppData\Local\arduino\sketches\8CC00E8E6F4A11401120306249E0F02F\libraries\Keypad\Keypad.cpp.o
 .debug_aranges
                0x000001a8       0xf8 C:\Users\Luis Sagnay\AppData\Local\arduino\sketches\8CC00E8E6F4A11401120306249E0F02F\libraries\LiquidCrystal\LiquidCrystal.cpp.o
 .debug_aranges
                0x000002a0       0x78 C:\Users\Luis Sagnay\AppData\Local\arduino\sketches\8CC00E8E6F4A11401120306249E0F02F\libraries\LedControl\LedControl.cpp.o
 .debug_aranges
                0x00000318       0x28 C:\Users\Luis Sagnay\AppData\Local\arduino\sketches\8CC00E8E6F4A11401120306249E0F02F\core\board.cpp.o
 .debug_aranges
                0x00000340       0x40 C:\Users\Luis Sagnay\AppData\Local\arduino\sketches\8CC00E8E6F4A11401120306249E0F02F\core\wirish\boards.cpp.o
 .debug_aranges
                0x00000380       0x40 C:\Users\Luis Sagnay\AppData\Local\arduino\sketches\8CC00E8E6F4A11401120306249E0F02F\core\wirish\boards_setup.cpp.o
 .debug_aranges
                0x000003c0       0x20 C:\Users\Luis Sagnay\AppData\Local\arduino\sketches\8CC00E8E6F4A11401120306249E0F02F\core\wirish\start.S.o
 .debug_aranges
                0x000003e0       0x20 C:\Users\Luis Sagnay\AppData\Local\arduino\sketches\8CC00E8E6F4A11401120306249E0F02F\core\wirish\start_c.c.o
 .debug_aranges
                0x00000400       0x88 C:\Users\Luis Sagnay\AppData\Local\arduino\sketches\8CC00E8E6F4A11401120306249E0F02F\core\wirish\syscalls.c.o
 .debug_aranges
                0x00000488       0x70 C:\Users\Luis Sagnay\AppData\Local\arduino\cores\7754268228c4970442660218d242a083\core.a(HardwareSerial.cpp.o)
 .debug_aranges
                0x000004f8      0x110 C:\Users\Luis Sagnay\AppData\Local\arduino\cores\7754268228c4970442660218d242a083\core.a(Print.cpp.o)
 .debug_aranges
                0x00000608      0x2b0 C:\Users\Luis Sagnay\AppData\Local\arduino\cores\7754268228c4970442660218d242a083\core.a(WString.cpp.o)
 .debug_aranges
                0x000008b8       0x20 C:\Users\Luis Sagnay\AppData\Local\arduino\cores\7754268228c4970442660218d242a083\core.a(dtostrf.c.o)
 .debug_aranges
                0x000008d8       0x28 C:\Users\Luis Sagnay\AppData\Local\arduino\cores\7754268228c4970442660218d242a083\core.a(cxxabi-compat.cpp.o)
 .debug_aranges
                0x00000900       0x38 C:\Users\Luis Sagnay\AppData\Local\arduino\cores\7754268228c4970442660218d242a083\core.a(itoa.c.o)
 .debug_aranges
                0x00000938       0x38 C:\Users\Luis Sagnay\AppData\Local\arduino\cores\7754268228c4970442660218d242a083\core.a(adc.c.o)
 .debug_aranges
                0x00000970       0x58 C:\Users\Luis Sagnay\AppData\Local\arduino\cores\7754268228c4970442660218d242a083\core.a(adc_f1.c.o)
 .debug_aranges
                0x000009c8       0xb0 C:\Users\Luis Sagnay\AppData\Local\arduino\cores\7754268228c4970442660218d242a083\core.a(dma_f1.c.o)
 .debug_aranges
                0x00000a78       0x20 C:\Users\Luis Sagnay\AppData\Local\arduino\cores\7754268228c4970442660218d242a083\core.a(exc.S.o)